<?xml version="1.0" encoding="ISO-8859-1" ?>
<link_info>
   <banner>TI ARM Clang Linker PC v4.0.3.LTS</banner>
   <copyright>Copyright (c) 1996-2018 Texas Instruments Incorporated</copyright>
   <command_line>C:\ti\ccs2020\ccs\tools\compiler\ti-cgt-armllvm_4.0.3.LTS\bin\tiarmlnk -IC:\ti\ccs2020\ccs\tools\compiler\ti-cgt-armllvm_4.0.3.LTS\lib -o mspm0_vl53l7cx_projectv1.0.out -mmspm0_vl53l7cx_projectv1.0.map -iC:/ti/mspm0_sdk_2_07_00_05/source -iC:/Users/dsabic/workspace_ccstheia/mspm0_vl53l7cx_projectv1.0 -iC:/Users/dsabic/workspace_ccstheia/mspm0_vl53l7cx_projectv1.0/Debug/syscfg -iC:/ti/ccs2020/ccs/tools/compiler/ti-cgt-armllvm_4.0.3.LTS/lib -iC:/Users/dsabic/workspace_ccstheia/mspm0_vl53l7cx_projectv1.0/source --diag_wrap=off --display_error_number --warn_sections --xml_link_info=mspm0_vl53l7cx_projectv1.0_linkInfo.xml --rom_model ./ti_msp_dl_config.o ./startup_mspm0l111x_ticlang.o ./VL53L7CX_ULD/api/vl53l7cx_api.o ./VL53L7CX_ULD/api/vl53l7cx_plugin_detection_thresholds.o ./VL53L7CX_ULD/api/vl53l7cx_plugin_motion_indicator.o ./VL53L7CX_ULD/api/vl53l7cx_plugin_xtalk.o ./VL53L7CX_ULD/platform/platform.o ./source/main.o ./source/ti_msp_dl_config.o ./source/vl53l7cx_i2c_if.o ./source/vl53l7cx_uart_if.o -l./device_linker.cmd -ldevice.cmd.genlibs -llibc.a --start-group -llibc++.a -llibc++abi.a -llibc.a -llibsys.a -llibsysbm.a -llibclang_rt.builtins.a -llibclang_rt.profile.a --end-group --cg_opt_level=2</command_line>
   <link_time>0x68f6a396</link_time>
   <link_errors>0x0</link_errors>
   <output_file>C:\Users\dsabic\workspace_ccstheia\mspm0_vl53l7cx_projectv1.0\Debug\mspm0_vl53l7cx_projectv1.0.out</output_file>
   <entry_point>
      <name>_c_int00_noargs</name>
      <address>0x18ff1</address>
   </entry_point>
   <input_file_list>
      <input_file id="fl-1">
         <path>C:\Users\dsabic\workspace_ccstheia\mspm0_vl53l7cx_projectv1.0\Debug\.\</path>
         <kind>object</kind>
         <file>ti_msp_dl_config.o</file>
         <name>ti_msp_dl_config.o</name>
      </input_file>
      <input_file id="fl-2">
         <path>C:\Users\dsabic\workspace_ccstheia\mspm0_vl53l7cx_projectv1.0\Debug\.\</path>
         <kind>object</kind>
         <file>startup_mspm0l111x_ticlang.o</file>
         <name>startup_mspm0l111x_ticlang.o</name>
      </input_file>
      <input_file id="fl-3">
         <path>C:\Users\dsabic\workspace_ccstheia\mspm0_vl53l7cx_projectv1.0\Debug\.\VL53L7CX_ULD\api\</path>
         <kind>object</kind>
         <file>vl53l7cx_api.o</file>
         <name>vl53l7cx_api.o</name>
      </input_file>
      <input_file id="fl-4">
         <path>C:\Users\dsabic\workspace_ccstheia\mspm0_vl53l7cx_projectv1.0\Debug\.\VL53L7CX_ULD\api\</path>
         <kind>object</kind>
         <file>vl53l7cx_plugin_detection_thresholds.o</file>
         <name>vl53l7cx_plugin_detection_thresholds.o</name>
      </input_file>
      <input_file id="fl-5">
         <path>C:\Users\dsabic\workspace_ccstheia\mspm0_vl53l7cx_projectv1.0\Debug\.\VL53L7CX_ULD\api\</path>
         <kind>object</kind>
         <file>vl53l7cx_plugin_motion_indicator.o</file>
         <name>vl53l7cx_plugin_motion_indicator.o</name>
      </input_file>
      <input_file id="fl-6">
         <path>C:\Users\dsabic\workspace_ccstheia\mspm0_vl53l7cx_projectv1.0\Debug\.\VL53L7CX_ULD\api\</path>
         <kind>object</kind>
         <file>vl53l7cx_plugin_xtalk.o</file>
         <name>vl53l7cx_plugin_xtalk.o</name>
      </input_file>
      <input_file id="fl-7">
         <path>C:\Users\dsabic\workspace_ccstheia\mspm0_vl53l7cx_projectv1.0\Debug\.\VL53L7CX_ULD\platform\</path>
         <kind>object</kind>
         <file>platform.o</file>
         <name>platform.o</name>
      </input_file>
      <input_file id="fl-8">
         <path>C:\Users\dsabic\workspace_ccstheia\mspm0_vl53l7cx_projectv1.0\Debug\.\source\</path>
         <kind>object</kind>
         <file>main.o</file>
         <name>main.o</name>
      </input_file>
      <input_file id="fl-9">
         <path>C:\Users\dsabic\workspace_ccstheia\mspm0_vl53l7cx_projectv1.0\Debug\.\source\</path>
         <kind>object</kind>
         <file>ti_msp_dl_config.o</file>
         <name>ti_msp_dl_config.o</name>
      </input_file>
      <input_file id="fl-a">
         <path>C:\Users\dsabic\workspace_ccstheia\mspm0_vl53l7cx_projectv1.0\Debug\.\source\</path>
         <kind>object</kind>
         <file>vl53l7cx_i2c_if.o</file>
         <name>vl53l7cx_i2c_if.o</name>
      </input_file>
      <input_file id="fl-b">
         <path>C:\Users\dsabic\workspace_ccstheia\mspm0_vl53l7cx_projectv1.0\Debug\.\source\</path>
         <kind>object</kind>
         <file>vl53l7cx_uart_if.o</file>
         <name>vl53l7cx_uart_if.o</name>
      </input_file>
      <input_file id="fl-18">
         <path>C:\Users\dsabic\workspace_ccstheia\mspm0_vl53l7cx_projectv1.0\Debug\</path>
         <kind>object</kind>
         <file>&lt;internal&gt;</file>
         <name>&lt;internal&gt;</name>
      </input_file>
      <input_file id="fl-19">
         <path>C:\ti\mspm0_sdk_2_07_00_05\source\ti\driverlib\lib\ticlang\m0p\mspm0l111x\</path>
         <kind>archive</kind>
         <file>driverlib.a</file>
         <name>dl_common.o</name>
      </input_file>
      <input_file id="fl-1a">
         <path>C:\ti\mspm0_sdk_2_07_00_05\source\ti\driverlib\lib\ticlang\m0p\mspm0l111x\</path>
         <kind>archive</kind>
         <file>driverlib.a</file>
         <name>dl_i2c.o</name>
      </input_file>
      <input_file id="fl-1b">
         <path>C:\ti\mspm0_sdk_2_07_00_05\source\ti\driverlib\lib\ticlang\m0p\mspm0l111x\</path>
         <kind>archive</kind>
         <file>driverlib.a</file>
         <name>dl_uart.o</name>
      </input_file>
      <input_file id="fl-32">
         <path>C:\ti\ccs2020\ccs\tools\compiler\ti-cgt-armllvm_4.0.3.LTS\lib\armv6m-ti-none-eabi\c\</path>
         <kind>archive</kind>
         <file>libc.a</file>
         <name>snprintf.c.obj</name>
      </input_file>
      <input_file id="fl-33">
         <path>C:\ti\ccs2020\ccs\tools\compiler\ti-cgt-armllvm_4.0.3.LTS\lib\armv6m-ti-none-eabi\c\</path>
         <kind>archive</kind>
         <file>libc.a</file>
         <name>vsnprintf.c.obj</name>
      </input_file>
      <input_file id="fl-34">
         <path>C:\ti\ccs2020\ccs\tools\compiler\ti-cgt-armllvm_4.0.3.LTS\lib\armv6m-ti-none-eabi\c\</path>
         <kind>archive</kind>
         <file>libc.a</file>
         <name>boot_cortex_m.c.obj</name>
      </input_file>
      <input_file id="fl-35">
         <path>C:\ti\ccs2020\ccs\tools\compiler\ti-cgt-armllvm_4.0.3.LTS\lib\armv6m-ti-none-eabi\c\</path>
         <kind>archive</kind>
         <file>libc.a</file>
         <name>mathacl_init.c.obj</name>
      </input_file>
      <input_file id="fl-36">
         <path>C:\ti\ccs2020\ccs\tools\compiler\ti-cgt-armllvm_4.0.3.LTS\lib\armv6m-ti-none-eabi\c\</path>
         <kind>archive</kind>
         <file>libc.a</file>
         <name>autoinit.c.obj</name>
      </input_file>
      <input_file id="fl-37">
         <path>C:\ti\ccs2020\ccs\tools\compiler\ti-cgt-armllvm_4.0.3.LTS\lib\armv6m-ti-none-eabi\c\</path>
         <kind>archive</kind>
         <file>libc.a</file>
         <name>pre_init.c.obj</name>
      </input_file>
      <input_file id="fl-38">
         <path>C:\ti\ccs2020\ccs\tools\compiler\ti-cgt-armllvm_4.0.3.LTS\lib\armv6m-ti-none-eabi\c\</path>
         <kind>archive</kind>
         <file>libc.a</file>
         <name>cpy_tbl.c.obj</name>
      </input_file>
      <input_file id="fl-39">
         <path>C:\ti\ccs2020\ccs\tools\compiler\ti-cgt-armllvm_4.0.3.LTS\lib\armv6m-ti-none-eabi\c\</path>
         <kind>archive</kind>
         <file>libc.a</file>
         <name>copy_zero_init.c.obj</name>
      </input_file>
      <input_file id="fl-3a">
         <path>C:\ti\ccs2020\ccs\tools\compiler\ti-cgt-armllvm_4.0.3.LTS\lib\armv6m-ti-none-eabi\c\</path>
         <kind>archive</kind>
         <file>libc.a</file>
         <name>copy_decompress_none.c.obj</name>
      </input_file>
      <input_file id="fl-3b">
         <path>C:\ti\ccs2020\ccs\tools\compiler\ti-cgt-armllvm_4.0.3.LTS\lib\armv6m-ti-none-eabi\c\</path>
         <kind>archive</kind>
         <file>libc.a</file>
         <name>copy_decompress_lzss.c.obj</name>
      </input_file>
      <input_file id="fl-3c">
         <path>C:\ti\ccs2020\ccs\tools\compiler\ti-cgt-armllvm_4.0.3.LTS\lib\armv6m-ti-none-eabi\c\</path>
         <kind>archive</kind>
         <file>libc.a</file>
         <name>_printfi.c.obj</name>
      </input_file>
      <input_file id="fl-3d">
         <path>C:\ti\ccs2020\ccs\tools\compiler\ti-cgt-armllvm_4.0.3.LTS\lib\armv6m-ti-none-eabi\c\</path>
         <kind>archive</kind>
         <file>libc.a</file>
         <name>s_frexp.c.obj</name>
      </input_file>
      <input_file id="fl-3e">
         <path>C:\ti\ccs2020\ccs\tools\compiler\ti-cgt-armllvm_4.0.3.LTS\lib\armv6m-ti-none-eabi\c\</path>
         <kind>archive</kind>
         <file>libc.a</file>
         <name>s_scalbn.c.obj</name>
      </input_file>
      <input_file id="fl-3f">
         <path>C:\ti\ccs2020\ccs\tools\compiler\ti-cgt-armllvm_4.0.3.LTS\lib\armv6m-ti-none-eabi\c\</path>
         <kind>archive</kind>
         <file>libc.a</file>
         <name>wcslen.c.obj</name>
      </input_file>
      <input_file id="fl-40">
         <path>C:\ti\ccs2020\ccs\tools\compiler\ti-cgt-armllvm_4.0.3.LTS\lib\armv6m-ti-none-eabi\c\</path>
         <kind>archive</kind>
         <file>libc.a</file>
         <name>aeabi_portable.c.obj</name>
      </input_file>
      <input_file id="fl-41">
         <path>C:\ti\ccs2020\ccs\tools\compiler\ti-cgt-armllvm_4.0.3.LTS\lib\armv6m-ti-none-eabi\c\</path>
         <kind>archive</kind>
         <file>libc.a</file>
         <name>exit.c.obj</name>
      </input_file>
      <input_file id="fl-42">
         <path>C:\ti\ccs2020\ccs\tools\compiler\ti-cgt-armllvm_4.0.3.LTS\lib\armv6m-ti-none-eabi\c\</path>
         <kind>archive</kind>
         <file>libc.a</file>
         <name>_lock.c.obj</name>
      </input_file>
      <input_file id="fl-43">
         <path>C:\ti\ccs2020\ccs\tools\compiler\ti-cgt-armllvm_4.0.3.LTS\lib\armv6m-ti-none-eabi\c\</path>
         <kind>archive</kind>
         <file>libc.a</file>
         <name>_ltoa.c.obj</name>
      </input_file>
      <input_file id="fl-44">
         <path>C:\ti\ccs2020\ccs\tools\compiler\ti-cgt-armllvm_4.0.3.LTS\lib\armv6m-ti-none-eabi\c\</path>
         <kind>archive</kind>
         <file>libc.a</file>
         <name>args_main.c.obj</name>
      </input_file>
      <input_file id="fl-45">
         <path>C:\ti\ccs2020\ccs\tools\compiler\ti-cgt-armllvm_4.0.3.LTS\lib\armv6m-ti-none-eabi\c\</path>
         <kind>archive</kind>
         <file>libc.a</file>
         <name>assert.c.obj</name>
      </input_file>
      <input_file id="fl-46">
         <path>C:\ti\ccs2020\ccs\tools\compiler\ti-cgt-armllvm_4.0.3.LTS\lib\armv6m-ti-none-eabi\c\</path>
         <kind>archive</kind>
         <file>libc.a</file>
         <name>atoi.c.obj</name>
      </input_file>
      <input_file id="fl-47">
         <path>C:\ti\ccs2020\ccs\tools\compiler\ti-cgt-armllvm_4.0.3.LTS\lib\armv6m-ti-none-eabi\c\</path>
         <kind>archive</kind>
         <file>libc.a</file>
         <name>defs.c.obj</name>
      </input_file>
      <input_file id="fl-48">
         <path>C:\ti\ccs2020\ccs\tools\compiler\ti-cgt-armllvm_4.0.3.LTS\lib\armv6m-ti-none-eabi\c\</path>
         <kind>archive</kind>
         <file>libc.a</file>
         <name>memccpy.c.obj</name>
      </input_file>
      <input_file id="fl-49">
         <path>C:\ti\ccs2020\ccs\tools\compiler\ti-cgt-armllvm_4.0.3.LTS\lib\armv6m-ti-none-eabi\c\</path>
         <kind>archive</kind>
         <file>libc.a</file>
         <name>memory.c.obj</name>
      </input_file>
      <input_file id="fl-4a">
         <path>C:\ti\ccs2020\ccs\tools\compiler\ti-cgt-armllvm_4.0.3.LTS\lib\armv6m-ti-none-eabi\c\</path>
         <kind>archive</kind>
         <file>libc.a</file>
         <name>sprintf.c.obj</name>
      </input_file>
      <input_file id="fl-4b">
         <path>C:\ti\ccs2020\ccs\tools\compiler\ti-cgt-armllvm_4.0.3.LTS\lib\armv6m-ti-none-eabi\c\</path>
         <kind>archive</kind>
         <file>libc.a</file>
         <name>fflush.c.obj</name>
      </input_file>
      <input_file id="fl-4c">
         <path>C:\ti\ccs2020\ccs\tools\compiler\ti-cgt-armllvm_4.0.3.LTS\lib\armv6m-ti-none-eabi\c\</path>
         <kind>archive</kind>
         <file>libc.a</file>
         <name>fputs.c.obj</name>
      </input_file>
      <input_file id="fl-4d">
         <path>C:\ti\ccs2020\ccs\tools\compiler\ti-cgt-armllvm_4.0.3.LTS\lib\armv6m-ti-none-eabi\c\</path>
         <kind>archive</kind>
         <file>libc.a</file>
         <name>_io_perm.c.obj</name>
      </input_file>
      <input_file id="fl-4e">
         <path>C:\ti\ccs2020\ccs\tools\compiler\ti-cgt-armllvm_4.0.3.LTS\lib\armv6m-ti-none-eabi\c\</path>
         <kind>archive</kind>
         <file>libc.a</file>
         <name>setvbuf.c.obj</name>
      </input_file>
      <input_file id="fl-4f">
         <path>C:\ti\ccs2020\ccs\tools\compiler\ti-cgt-armllvm_4.0.3.LTS\lib\armv6m-ti-none-eabi\c\</path>
         <kind>archive</kind>
         <file>libc.a</file>
         <name>aeabi_ctype.S.obj</name>
      </input_file>
      <input_file id="fl-50">
         <path>C:\ti\ccs2020\ccs\tools\compiler\ti-cgt-armllvm_4.0.3.LTS\lib\armv6m-ti-none-eabi\c\</path>
         <kind>archive</kind>
         <file>libc.a</file>
         <name>fopen.c.obj</name>
      </input_file>
      <input_file id="fl-51">
         <path>C:\ti\ccs2020\ccs\tools\compiler\ti-cgt-armllvm_4.0.3.LTS\lib\armv6m-ti-none-eabi\c\</path>
         <kind>archive</kind>
         <file>libc.a</file>
         <name>fseek.c.obj</name>
      </input_file>
      <input_file id="fl-52">
         <path>C:\ti\ccs2020\ccs\tools\compiler\ti-cgt-armllvm_4.0.3.LTS\lib\armv6m-ti-none-eabi\c\</path>
         <kind>archive</kind>
         <file>libc.a</file>
         <name>fclose.c.obj</name>
      </input_file>
      <input_file id="fl-f2">
         <path>C:\ti\ccs2020\ccs\tools\compiler\ti-cgt-armllvm_4.0.3.LTS\lib\armv6m-ti-none-eabi\c\</path>
         <kind>archive</kind>
         <file>libsysbm.a</file>
         <name>hostexit.c.obj</name>
      </input_file>
      <input_file id="fl-f3">
         <path>C:\ti\ccs2020\ccs\tools\compiler\ti-cgt-armllvm_4.0.3.LTS\lib\armv6m-ti-none-eabi\c\</path>
         <kind>archive</kind>
         <file>libsysbm.a</file>
         <name>write.c.obj</name>
      </input_file>
      <input_file id="fl-f4">
         <path>C:\ti\ccs2020\ccs\tools\compiler\ti-cgt-armllvm_4.0.3.LTS\lib\armv6m-ti-none-eabi\c\</path>
         <kind>archive</kind>
         <file>libsysbm.a</file>
         <name>host_device.c.obj</name>
      </input_file>
      <input_file id="fl-f5">
         <path>C:\ti\ccs2020\ccs\tools\compiler\ti-cgt-armllvm_4.0.3.LTS\lib\armv6m-ti-none-eabi\c\</path>
         <kind>archive</kind>
         <file>libsysbm.a</file>
         <name>remove.c.obj</name>
      </input_file>
      <input_file id="fl-f6">
         <path>C:\ti\ccs2020\ccs\tools\compiler\ti-cgt-armllvm_4.0.3.LTS\lib\armv6m-ti-none-eabi\c\</path>
         <kind>archive</kind>
         <file>libsysbm.a</file>
         <name>open.c.obj</name>
      </input_file>
      <input_file id="fl-f7">
         <path>C:\ti\ccs2020\ccs\tools\compiler\ti-cgt-armllvm_4.0.3.LTS\lib\armv6m-ti-none-eabi\c\</path>
         <kind>archive</kind>
         <file>libsysbm.a</file>
         <name>lseek.c.obj</name>
      </input_file>
      <input_file id="fl-f8">
         <path>C:\ti\ccs2020\ccs\tools\compiler\ti-cgt-armllvm_4.0.3.LTS\lib\armv6m-ti-none-eabi\c\</path>
         <kind>archive</kind>
         <file>libsysbm.a</file>
         <name>close.c.obj</name>
      </input_file>
      <input_file id="fl-f9">
         <path>C:\ti\ccs2020\ccs\tools\compiler\ti-cgt-armllvm_4.0.3.LTS\lib\armv6m-ti-none-eabi\c\</path>
         <kind>archive</kind>
         <file>libsysbm.a</file>
         <name>unlink.c.obj</name>
      </input_file>
      <input_file id="fl-fa">
         <path>C:\ti\ccs2020\ccs\tools\compiler\ti-cgt-armllvm_4.0.3.LTS\lib\armv6m-ti-none-eabi\c\</path>
         <kind>archive</kind>
         <file>libsysbm.a</file>
         <name>hostclose.c.obj</name>
      </input_file>
      <input_file id="fl-fb">
         <path>C:\ti\ccs2020\ccs\tools\compiler\ti-cgt-armllvm_4.0.3.LTS\lib\armv6m-ti-none-eabi\c\</path>
         <kind>archive</kind>
         <file>libsysbm.a</file>
         <name>hostlseek.c.obj</name>
      </input_file>
      <input_file id="fl-fc">
         <path>C:\ti\ccs2020\ccs\tools\compiler\ti-cgt-armllvm_4.0.3.LTS\lib\armv6m-ti-none-eabi\c\</path>
         <kind>archive</kind>
         <file>libsysbm.a</file>
         <name>hostopen.c.obj</name>
      </input_file>
      <input_file id="fl-fd">
         <path>C:\ti\ccs2020\ccs\tools\compiler\ti-cgt-armllvm_4.0.3.LTS\lib\armv6m-ti-none-eabi\c\</path>
         <kind>archive</kind>
         <file>libsysbm.a</file>
         <name>hostread.c.obj</name>
      </input_file>
      <input_file id="fl-fe">
         <path>C:\ti\ccs2020\ccs\tools\compiler\ti-cgt-armllvm_4.0.3.LTS\lib\armv6m-ti-none-eabi\c\</path>
         <kind>archive</kind>
         <file>libsysbm.a</file>
         <name>hostrename.c.obj</name>
      </input_file>
      <input_file id="fl-ff">
         <path>C:\ti\ccs2020\ccs\tools\compiler\ti-cgt-armllvm_4.0.3.LTS\lib\armv6m-ti-none-eabi\c\</path>
         <kind>archive</kind>
         <file>libsysbm.a</file>
         <name>hostunlink.c.obj</name>
      </input_file>
      <input_file id="fl-100">
         <path>C:\ti\ccs2020\ccs\tools\compiler\ti-cgt-armllvm_4.0.3.LTS\lib\armv6m-ti-none-eabi\c\</path>
         <kind>archive</kind>
         <file>libsysbm.a</file>
         <name>hostwrite.c.obj</name>
      </input_file>
      <input_file id="fl-101">
         <path>C:\ti\ccs2020\ccs\tools\compiler\ti-cgt-armllvm_4.0.3.LTS\lib\armv6m-ti-none-eabi\c\</path>
         <kind>archive</kind>
         <file>libsysbm.a</file>
         <name>trgmsg.c.obj</name>
      </input_file>
      <input_file id="fl-102">
         <path>C:\ti\ccs2020\ccs\tools\compiler\ti-cgt-armllvm_4.0.3.LTS\lib\armv6m-ti-none-eabi\</path>
         <kind>archive</kind>
         <file>libclang_rt.builtins.a</file>
         <name>addsf3.S.obj</name>
      </input_file>
      <input_file id="fl-103">
         <path>C:\ti\ccs2020\ccs\tools\compiler\ti-cgt-armllvm_4.0.3.LTS\lib\armv6m-ti-none-eabi\</path>
         <kind>archive</kind>
         <file>libclang_rt.builtins.a</file>
         <name>adddf3.S.obj</name>
      </input_file>
      <input_file id="fl-104">
         <path>C:\ti\ccs2020\ccs\tools\compiler\ti-cgt-armllvm_4.0.3.LTS\lib\armv6m-ti-none-eabi\</path>
         <kind>archive</kind>
         <file>libclang_rt.builtins.a</file>
         <name>muldf3.S.obj</name>
      </input_file>
      <input_file id="fl-105">
         <path>C:\ti\ccs2020\ccs\tools\compiler\ti-cgt-armllvm_4.0.3.LTS\lib\armv6m-ti-none-eabi\</path>
         <kind>archive</kind>
         <file>libclang_rt.builtins.a</file>
         <name>muldsi3.S.obj</name>
      </input_file>
      <input_file id="fl-106">
         <path>C:\ti\ccs2020\ccs\tools\compiler\ti-cgt-armllvm_4.0.3.LTS\lib\armv6m-ti-none-eabi\</path>
         <kind>archive</kind>
         <file>libclang_rt.builtins.a</file>
         <name>mulsf3.S.obj</name>
      </input_file>
      <input_file id="fl-107">
         <path>C:\ti\ccs2020\ccs\tools\compiler\ti-cgt-armllvm_4.0.3.LTS\lib\armv6m-ti-none-eabi\</path>
         <kind>archive</kind>
         <file>libclang_rt.builtins.a</file>
         <name>divsf3.S.obj</name>
      </input_file>
      <input_file id="fl-108">
         <path>C:\ti\ccs2020\ccs\tools\compiler\ti-cgt-armllvm_4.0.3.LTS\lib\armv6m-ti-none-eabi\</path>
         <kind>archive</kind>
         <file>libclang_rt.builtins.a</file>
         <name>divdf3.S.obj</name>
      </input_file>
      <input_file id="fl-109">
         <path>C:\ti\ccs2020\ccs\tools\compiler\ti-cgt-armllvm_4.0.3.LTS\lib\armv6m-ti-none-eabi\</path>
         <kind>archive</kind>
         <file>libclang_rt.builtins.a</file>
         <name>fixdfsi.S.obj</name>
      </input_file>
      <input_file id="fl-10a">
         <path>C:\ti\ccs2020\ccs\tools\compiler\ti-cgt-armllvm_4.0.3.LTS\lib\armv6m-ti-none-eabi\</path>
         <kind>archive</kind>
         <file>libclang_rt.builtins.a</file>
         <name>fixsfsi.S.obj</name>
      </input_file>
      <input_file id="fl-10b">
         <path>C:\ti\ccs2020\ccs\tools\compiler\ti-cgt-armllvm_4.0.3.LTS\lib\armv6m-ti-none-eabi\</path>
         <kind>archive</kind>
         <file>libclang_rt.builtins.a</file>
         <name>floatsidf.S.obj</name>
      </input_file>
      <input_file id="fl-10c">
         <path>C:\ti\ccs2020\ccs\tools\compiler\ti-cgt-armllvm_4.0.3.LTS\lib\armv6m-ti-none-eabi\</path>
         <kind>archive</kind>
         <file>libclang_rt.builtins.a</file>
         <name>floatsisf.S.obj</name>
      </input_file>
      <input_file id="fl-10d">
         <path>C:\ti\ccs2020\ccs\tools\compiler\ti-cgt-armllvm_4.0.3.LTS\lib\armv6m-ti-none-eabi\</path>
         <kind>archive</kind>
         <file>libclang_rt.builtins.a</file>
         <name>floatunsisf.S.obj</name>
      </input_file>
      <input_file id="fl-10e">
         <path>C:\ti\ccs2020\ccs\tools\compiler\ti-cgt-armllvm_4.0.3.LTS\lib\armv6m-ti-none-eabi\</path>
         <kind>archive</kind>
         <file>libclang_rt.builtins.a</file>
         <name>muldi3.S.obj</name>
      </input_file>
      <input_file id="fl-10f">
         <path>C:\ti\ccs2020\ccs\tools\compiler\ti-cgt-armllvm_4.0.3.LTS\lib\armv6m-ti-none-eabi\</path>
         <kind>archive</kind>
         <file>libclang_rt.builtins.a</file>
         <name>aeabi_dcmp.S.obj</name>
      </input_file>
      <input_file id="fl-110">
         <path>C:\ti\ccs2020\ccs\tools\compiler\ti-cgt-armllvm_4.0.3.LTS\lib\armv6m-ti-none-eabi\</path>
         <kind>archive</kind>
         <file>libclang_rt.builtins.a</file>
         <name>aeabi_idivmod.S.obj</name>
      </input_file>
      <input_file id="fl-111">
         <path>C:\ti\ccs2020\ccs\tools\compiler\ti-cgt-armllvm_4.0.3.LTS\lib\armv6m-ti-none-eabi\</path>
         <kind>archive</kind>
         <file>libclang_rt.builtins.a</file>
         <name>aeabi_memcpy.S.obj</name>
      </input_file>
      <input_file id="fl-112">
         <path>C:\ti\ccs2020\ccs\tools\compiler\ti-cgt-armllvm_4.0.3.LTS\lib\armv6m-ti-none-eabi\</path>
         <kind>archive</kind>
         <file>libclang_rt.builtins.a</file>
         <name>aeabi_memmove.S.obj</name>
      </input_file>
      <input_file id="fl-113">
         <path>C:\ti\ccs2020\ccs\tools\compiler\ti-cgt-armllvm_4.0.3.LTS\lib\armv6m-ti-none-eabi\</path>
         <kind>archive</kind>
         <file>libclang_rt.builtins.a</file>
         <name>aeabi_memset.S.obj</name>
      </input_file>
      <input_file id="fl-114">
         <path>C:\ti\ccs2020\ccs\tools\compiler\ti-cgt-armllvm_4.0.3.LTS\lib\armv6m-ti-none-eabi\</path>
         <kind>archive</kind>
         <file>libclang_rt.builtins.a</file>
         <name>aeabi_uidivmod.S.obj</name>
      </input_file>
      <input_file id="fl-115">
         <path>C:\ti\ccs2020\ccs\tools\compiler\ti-cgt-armllvm_4.0.3.LTS\lib\armv6m-ti-none-eabi\</path>
         <kind>archive</kind>
         <file>libclang_rt.builtins.a</file>
         <name>aeabi_uldivmod.S.obj</name>
      </input_file>
      <input_file id="fl-116">
         <path>C:\ti\ccs2020\ccs\tools\compiler\ti-cgt-armllvm_4.0.3.LTS\lib\armv6m-ti-none-eabi\</path>
         <kind>archive</kind>
         <file>libclang_rt.builtins.a</file>
         <name>udivmoddi4.S.obj</name>
      </input_file>
      <input_file id="fl-117">
         <path>C:\ti\ccs2020\ccs\tools\compiler\ti-cgt-armllvm_4.0.3.LTS\lib\armv6m-ti-none-eabi\</path>
         <kind>archive</kind>
         <file>libclang_rt.builtins.a</file>
         <name>ashldi3.S.obj</name>
      </input_file>
      <input_file id="fl-118">
         <path>C:\ti\ccs2020\ccs\tools\compiler\ti-cgt-armllvm_4.0.3.LTS\lib\armv6m-ti-none-eabi\</path>
         <kind>archive</kind>
         <file>libclang_rt.builtins.a</file>
         <name>comparedf2.c.obj</name>
      </input_file>
      <input_file id="fl-119">
         <path>C:\ti\ccs2020\ccs\tools\compiler\ti-cgt-armllvm_4.0.3.LTS\lib\armv6m-ti-none-eabi\</path>
         <kind>archive</kind>
         <file>libclang_rt.builtins.a</file>
         <name>aeabi_div0.c.obj</name>
      </input_file>
      <input_file id="fl-11a">
         <path>C:\ti\ccs2020\ccs\tools\compiler\ti-cgt-armllvm_4.0.3.LTS\lib\armv6m-ti-none-eabi\c\</path>
         <kind>archive</kind>
         <file>libc.a</file>
         <name>getdevice.c.obj</name>
      </input_file>
      <input_file id="fl-11b">
         <path>C:\ti\ccs2020\ccs\tools\compiler\ti-cgt-armllvm_4.0.3.LTS\lib\armv6m-ti-none-eabi\c\</path>
         <kind>archive</kind>
         <file>libc.a</file>
         <name>memcpy16.S.obj</name>
      </input_file>
      <input_file id="fl-11c">
         <path>C:\ti\ccs2020\ccs\tools\compiler\ti-cgt-armllvm_4.0.3.LTS\lib\armv6m-ti-none-eabi\c\</path>
         <kind>archive</kind>
         <file>libc.a</file>
         <name>memset16.S.obj</name>
      </input_file>
      <input_file id="fl-11d">
         <path>C:\ti\ccs2020\ccs\tools\compiler\ti-cgt-armllvm_4.0.3.LTS\lib\armv6m-ti-none-eabi\c\</path>
         <kind>archive</kind>
         <file>libc.a</file>
         <name>strcmp-armv6m.S.obj</name>
      </input_file>
      <input_file id="fl-11e">
         <path>C:\ti\ccs2020\ccs\tools\compiler\ti-cgt-armllvm_4.0.3.LTS\lib\armv6m-ti-none-eabi\c\</path>
         <kind>archive</kind>
         <file>libc.a</file>
         <name>memmov.c.obj</name>
      </input_file>
   </input_file_list>
   <object_component_list>
      <object_component id="oc-18">
         <name>.intvecs</name>
         <load_address>0x0</load_address>
         <readonly>true</readonly>
         <run_address>0x0</run_address>
         <size>0xc0</size>
         <alignment>0x4</alignment>
         <input_file_ref idref="fl-2"/>
      </object_component>
      <object_component id="oc-6c">
         <name>.text.main</name>
         <load_address>0x15a30</load_address>
         <readonly>true</readonly>
         <executable>true</executable>
         <run_address>0x15a30</run_address>
         <size>0x920</size>
         <alignment>0x4</alignment>
         <input_file_ref idref="fl-8"/>
      </object_component>
      <object_component id="oc-8f">
         <name>.text.vl53l7cx_init</name>
         <load_address>0x16350</load_address>
         <readonly>true</readonly>
         <executable>true</executable>
         <run_address>0x16350</run_address>
         <size>0x880</size>
         <alignment>0x4</alignment>
         <input_file_ref idref="fl-3"/>
      </object_component>
      <object_component id="oc-16c">
         <name>.text:__TI_printfi_nofloat</name>
         <load_address>0x16bd0</load_address>
         <readonly>true</readonly>
         <executable>true</executable>
         <run_address>0x16bd0</run_address>
         <size>0x868</size>
         <alignment>0x4</alignment>
         <input_file_ref idref="fl-3c"/>
      </object_component>
      <object_component id="oc-9e">
         <name>.text.vl53l7cx_get_ranging_data</name>
         <load_address>0x17438</load_address>
         <readonly>true</readonly>
         <executable>true</executable>
         <run_address>0x17438</run_address>
         <size>0x68c</size>
         <alignment>0x4</alignment>
         <input_file_ref idref="fl-3"/>
      </object_component>
      <object_component id="oc-97">
         <name>.text.vl53l7cx_start_ranging</name>
         <load_address>0x17ac4</load_address>
         <readonly>true</readonly>
         <executable>true</executable>
         <run_address>0x17ac4</run_address>
         <size>0x308</size>
         <alignment>0x4</alignment>
         <input_file_ref idref="fl-3"/>
      </object_component>
      <object_component id="oc-113">
         <name>.text._vl53l7cx_send_offset_data</name>
         <load_address>0x17dcc</load_address>
         <readonly>true</readonly>
         <executable>true</executable>
         <run_address>0x17dcc</run_address>
         <size>0x224</size>
         <alignment>0x4</alignment>
         <input_file_ref idref="fl-3"/>
      </object_component>
      <object_component id="oc-114">
         <name>.text._vl53l7cx_send_xtalk_data</name>
         <load_address>0x17ff0</load_address>
         <readonly>true</readonly>
         <executable>true</executable>
         <run_address>0x17ff0</run_address>
         <size>0x1c4</size>
         <alignment>0x4</alignment>
         <input_file_ref idref="fl-3"/>
      </object_component>
      <object_component id="oc-115">
         <name>.text.vl53l7cx_dci_write_data</name>
         <load_address>0x181b4</load_address>
         <readonly>true</readonly>
         <executable>true</executable>
         <run_address>0x181b4</run_address>
         <size>0x168</size>
         <alignment>0x4</alignment>
         <input_file_ref idref="fl-3"/>
      </object_component>
      <object_component id="oc-116">
         <name>.text.vl53l7cx_dci_read_data</name>
         <load_address>0x1831c</load_address>
         <readonly>true</readonly>
         <executable>true</executable>
         <run_address>0x1831c</run_address>
         <size>0x154</size>
         <alignment>0x4</alignment>
         <input_file_ref idref="fl-3"/>
      </object_component>
      <object_component id="oc-96">
         <name>.text.vl53l7cx_set_resolution</name>
         <load_address>0x18470</load_address>
         <readonly>true</readonly>
         <executable>true</executable>
         <run_address>0x18470</run_address>
         <size>0xe4</size>
         <alignment>0x4</alignment>
         <input_file_ref idref="fl-3"/>
      </object_component>
      <object_component id="oc-ac">
         <name>.text</name>
         <load_address>0x18554</load_address>
         <readonly>true</readonly>
         <executable>true</executable>
         <run_address>0x18554</run_address>
         <size>0xd8</size>
         <alignment>0x4</alignment>
         <input_file_ref idref="fl-102"/>
      </object_component>
      <object_component id="oc-123">
         <name>.text.VL53L7CX_SwapBuffer</name>
         <load_address>0x1862c</load_address>
         <readonly>true</readonly>
         <executable>true</executable>
         <run_address>0x1862c</run_address>
         <size>0xa4</size>
         <alignment>0x2</alignment>
         <input_file_ref idref="fl-7"/>
      </object_component>
      <object_component id="oc-1b9">
         <name>.text</name>
         <load_address>0x186d0</load_address>
         <readonly>true</readonly>
         <executable>true</executable>
         <run_address>0x186d0</run_address>
         <size>0xa2</size>
         <alignment>0x4</alignment>
         <input_file_ref idref="fl-116"/>
      </object_component>
      <object_component id="oc-7c">
         <name>.text:memcpy</name>
         <load_address>0x18772</load_address>
         <readonly>true</readonly>
         <executable>true</executable>
         <run_address>0x18772</run_address>
         <size>0x9a</size>
         <alignment>0x1</alignment>
         <input_file_ref idref="fl-11b"/>
      </object_component>
      <object_component id="oc-a8">
         <name>.text.__mulsf3</name>
         <load_address>0x1880c</load_address>
         <readonly>true</readonly>
         <executable>true</executable>
         <run_address>0x1880c</run_address>
         <size>0x8c</size>
         <alignment>0x4</alignment>
         <input_file_ref idref="fl-106"/>
      </object_component>
      <object_component id="oc-cf">
         <name>.text.Uart1_Write</name>
         <load_address>0x18898</load_address>
         <readonly>true</readonly>
         <executable>true</executable>
         <run_address>0x18898</run_address>
         <size>0x88</size>
         <alignment>0x4</alignment>
         <input_file_ref idref="fl-b"/>
      </object_component>
      <object_component id="oc-1c">
         <name>.text:decompress:lzss</name>
         <load_address>0x18920</load_address>
         <readonly>true</readonly>
         <executable>true</executable>
         <run_address>0x18920</run_address>
         <size>0x7c</size>
         <alignment>0x4</alignment>
         <input_file_ref idref="fl-3b"/>
      </object_component>
      <object_component id="oc-f8">
         <name>.text.SYSCFG_DL_GPIO_init</name>
         <load_address>0x1899c</load_address>
         <readonly>true</readonly>
         <executable>true</executable>
         <run_address>0x1899c</run_address>
         <size>0x74</size>
         <alignment>0x4</alignment>
         <input_file_ref idref="fl-1"/>
      </object_component>
      <object_component id="oc-f6">
         <name>.text:memset</name>
         <load_address>0x18a10</load_address>
         <readonly>true</readonly>
         <executable>true</executable>
         <run_address>0x18a10</run_address>
         <size>0x62</size>
         <alignment>0x1</alignment>
         <input_file_ref idref="fl-11c"/>
      </object_component>
      <object_component id="oc-33">
         <name>.text.Default_Handler</name>
         <load_address>0x18a72</load_address>
         <readonly>true</readonly>
         <executable>true</executable>
         <run_address>0x18a72</run_address>
         <size>0x2</size>
         <alignment>0x2</alignment>
         <input_file_ref idref="fl-2"/>
      </object_component>
      <object_component id="oc-fc">
         <name>.text.SYSCFG_DL_CONFIG_UART_0_init</name>
         <load_address>0x18a74</load_address>
         <readonly>true</readonly>
         <executable>true</executable>
         <run_address>0x18a74</run_address>
         <size>0x60</size>
         <alignment>0x4</alignment>
         <input_file_ref idref="fl-1"/>
      </object_component>
      <object_component id="oc-fd">
         <name>.text.SYSCFG_DL_CONFIG_UART_1_init</name>
         <load_address>0x18ad4</load_address>
         <readonly>true</readonly>
         <executable>true</executable>
         <run_address>0x18ad4</run_address>
         <size>0x60</size>
         <alignment>0x4</alignment>
         <input_file_ref idref="fl-1"/>
      </object_component>
      <object_component id="oc-9f">
         <name>.text.vl53l7cx_check_data_ready</name>
         <load_address>0x18b34</load_address>
         <readonly>true</readonly>
         <executable>true</executable>
         <run_address>0x18b34</run_address>
         <size>0x5e</size>
         <alignment>0x2</alignment>
         <input_file_ref idref="fl-3"/>
      </object_component>
      <object_component id="oc-12d">
         <name>.text.__aeabi_idiv0</name>
         <load_address>0x18b92</load_address>
         <readonly>true</readonly>
         <executable>true</executable>
         <run_address>0x18b92</run_address>
         <size>0x2</size>
         <alignment>0x2</alignment>
         <input_file_ref idref="fl-119"/>
      </object_component>
      <object_component id="oc-fb">
         <name>.text.SYSCFG_DL_CONFIG_I2C_0_init</name>
         <load_address>0x18b94</load_address>
         <readonly>true</readonly>
         <executable>true</executable>
         <run_address>0x18b94</run_address>
         <size>0x5c</size>
         <alignment>0x4</alignment>
         <input_file_ref idref="fl-1"/>
      </object_component>
      <object_component id="oc-b4">
         <name>.text.__aeabi_idivmod</name>
         <load_address>0x18bf0</load_address>
         <readonly>true</readonly>
         <executable>true</executable>
         <run_address>0x18bf0</run_address>
         <size>0x56</size>
         <alignment>0x4</alignment>
         <input_file_ref idref="fl-110"/>
      </object_component>
      <object_component id="oc-1ed">
         <name>.text.__aeabi_ldiv0</name>
         <load_address>0x18c46</load_address>
         <readonly>true</readonly>
         <executable>true</executable>
         <run_address>0x18c46</run_address>
         <size>0x2</size>
         <alignment>0x2</alignment>
         <input_file_ref idref="fl-119"/>
      </object_component>
      <object_component id="oc-c9">
         <name>.text.snprintf</name>
         <load_address>0x18c48</load_address>
         <readonly>true</readonly>
         <executable>true</executable>
         <run_address>0x18c48</run_address>
         <size>0x4c</size>
         <alignment>0x4</alignment>
         <input_file_ref idref="fl-32"/>
      </object_component>
      <object_component id="oc-152">
         <name>.text.DL_UART_init</name>
         <load_address>0x18c94</load_address>
         <readonly>true</readonly>
         <executable>true</executable>
         <run_address>0x18c94</run_address>
         <size>0x48</size>
         <alignment>0x4</alignment>
         <input_file_ref idref="fl-1b"/>
      </object_component>
      <object_component id="oc-f7">
         <name>.text.SYSCFG_DL_initPower</name>
         <load_address>0x18cdc</load_address>
         <readonly>true</readonly>
         <executable>true</executable>
         <run_address>0x18cdc</run_address>
         <size>0x48</size>
         <alignment>0x4</alignment>
         <input_file_ref idref="fl-1"/>
      </object_component>
      <object_component id="oc-98">
         <name>.text.Uart0_Print</name>
         <load_address>0x18d24</load_address>
         <readonly>true</readonly>
         <executable>true</executable>
         <run_address>0x18d24</run_address>
         <size>0x44</size>
         <alignment>0x4</alignment>
         <input_file_ref idref="fl-b"/>
      </object_component>
      <object_component id="oc-b8">
         <name>.text.__aeabi_uidivmod</name>
         <load_address>0x18d68</load_address>
         <readonly>true</readonly>
         <executable>true</executable>
         <run_address>0x18d68</run_address>
         <size>0x40</size>
         <alignment>0x4</alignment>
         <input_file_ref idref="fl-114"/>
      </object_component>
      <object_component id="oc-189">
         <name>.text.atoi</name>
         <load_address>0x18da8</load_address>
         <readonly>true</readonly>
         <executable>true</executable>
         <run_address>0x18da8</run_address>
         <size>0x40</size>
         <alignment>0x4</alignment>
         <input_file_ref idref="fl-46"/>
      </object_component>
      <object_component id="oc-a4">
         <name>.text.__floatsisf</name>
         <load_address>0x18de8</load_address>
         <readonly>true</readonly>
         <executable>true</executable>
         <run_address>0x18de8</run_address>
         <size>0x3c</size>
         <alignment>0x4</alignment>
         <input_file_ref idref="fl-10c"/>
      </object_component>
      <object_component id="oc-de">
         <name>.text:__TI_auto_init_nobinit_nopinit</name>
         <load_address>0x18e24</load_address>
         <readonly>true</readonly>
         <executable>true</executable>
         <run_address>0x18e24</run_address>
         <size>0x3c</size>
         <alignment>0x4</alignment>
         <input_file_ref idref="fl-36"/>
      </object_component>
      <object_component id="oc-126">
         <name>.text.__muldsi3</name>
         <load_address>0x18e60</load_address>
         <readonly>true</readonly>
         <executable>true</executable>
         <run_address>0x18e60</run_address>
         <size>0x3a</size>
         <alignment>0x4</alignment>
         <input_file_ref idref="fl-105"/>
      </object_component>
      <object_component id="oc-b0">
         <name>.text.__fixsfsi</name>
         <load_address>0x18e9c</load_address>
         <readonly>true</readonly>
         <executable>true</executable>
         <run_address>0x18e9c</run_address>
         <size>0x38</size>
         <alignment>0x4</alignment>
         <input_file_ref idref="fl-10a"/>
      </object_component>
      <object_component id="oc-95">
         <name>.text.vl53l7cx_set_ranging_frequency_hz</name>
         <load_address>0x18ed4</load_address>
         <readonly>true</readonly>
         <executable>true</executable>
         <run_address>0x18ed4</run_address>
         <size>0x38</size>
         <alignment>0x4</alignment>
         <input_file_ref idref="fl-3"/>
      </object_component>
      <object_component id="oc-8d">
         <name>.text.VL_I2C_ResetPulse</name>
         <load_address>0x18f0c</load_address>
         <readonly>true</readonly>
         <executable>true</executable>
         <run_address>0x18f0c</run_address>
         <size>0x34</size>
         <alignment>0x4</alignment>
         <input_file_ref idref="fl-a"/>
      </object_component>
      <object_component id="oc-11b">
         <name>.text.DL_UART_transmitDataBlocking</name>
         <load_address>0x18f40</load_address>
         <readonly>true</readonly>
         <executable>true</executable>
         <run_address>0x18f40</run_address>
         <size>0x30</size>
         <alignment>0x4</alignment>
         <input_file_ref idref="fl-1b"/>
      </object_component>
      <object_component id="oc-135">
         <name>.text._outs</name>
         <load_address>0x18f70</load_address>
         <readonly>true</readonly>
         <executable>true</executable>
         <run_address>0x18f70</run_address>
         <size>0x30</size>
         <alignment>0x2</alignment>
         <input_file_ref idref="fl-32"/>
      </object_component>
      <object_component id="oc-a0">
         <name>.text.__floatunsisf</name>
         <load_address>0x18fa0</load_address>
         <readonly>true</readonly>
         <executable>true</executable>
         <run_address>0x18fa0</run_address>
         <size>0x28</size>
         <alignment>0x4</alignment>
         <input_file_ref idref="fl-10d"/>
      </object_component>
      <object_component id="oc-17b">
         <name>.text.memmove</name>
         <load_address>0x18fc8</load_address>
         <readonly>true</readonly>
         <executable>true</executable>
         <run_address>0x18fc8</run_address>
         <size>0x28</size>
         <alignment>0x2</alignment>
         <input_file_ref idref="fl-11e"/>
      </object_component>
      <object_component id="oc-54">
         <name>.text:_c_int00_noargs</name>
         <load_address>0x18ff0</load_address>
         <readonly>true</readonly>
         <executable>true</executable>
         <run_address>0x18ff0</run_address>
         <size>0x28</size>
         <alignment>0x4</alignment>
         <input_file_ref idref="fl-34"/>
      </object_component>
      <object_component id="oc-14a">
         <name>.text.DL_I2C_setClockConfig</name>
         <load_address>0x19018</load_address>
         <readonly>true</readonly>
         <executable>true</executable>
         <run_address>0x19018</run_address>
         <size>0x26</size>
         <alignment>0x2</alignment>
         <input_file_ref idref="fl-1a"/>
      </object_component>
      <object_component id="oc-f9">
         <name>.text.SYSCFG_DL_SYSCTL_init</name>
         <load_address>0x19040</load_address>
         <readonly>true</readonly>
         <executable>true</executable>
         <run_address>0x19040</run_address>
         <size>0x24</size>
         <alignment>0x4</alignment>
         <input_file_ref idref="fl-1"/>
      </object_component>
      <object_component id="oc-196">
         <name>.text.__muldi3</name>
         <load_address>0x19064</load_address>
         <readonly>true</readonly>
         <executable>true</executable>
         <run_address>0x19064</run_address>
         <size>0x24</size>
         <alignment>0x4</alignment>
         <input_file_ref idref="fl-10e"/>
      </object_component>
      <object_component id="oc-182">
         <name>.text.memccpy</name>
         <load_address>0x19088</load_address>
         <readonly>true</readonly>
         <executable>true</executable>
         <run_address>0x19088</run_address>
         <size>0x22</size>
         <alignment>0x2</alignment>
         <input_file_ref idref="fl-48"/>
      </object_component>
      <object_component id="oc-1ee">
         <name>.text.__ashldi3</name>
         <load_address>0x190ac</load_address>
         <readonly>true</readonly>
         <executable>true</executable>
         <run_address>0x190ac</run_address>
         <size>0x1e</size>
         <alignment>0x4</alignment>
         <input_file_ref idref="fl-117"/>
      </object_component>
      <object_component id="oc-81">
         <name>.text.SYSCFG_DL_init</name>
         <load_address>0x190ca</load_address>
         <readonly>true</readonly>
         <executable>true</executable>
         <run_address>0x190ca</run_address>
         <size>0x1c</size>
         <alignment>0x2</alignment>
         <input_file_ref idref="fl-1"/>
      </object_component>
      <object_component id="oc-136">
         <name>.text._outc</name>
         <load_address>0x190e6</load_address>
         <readonly>true</readonly>
         <executable>true</executable>
         <run_address>0x190e6</run_address>
         <size>0x18</size>
         <alignment>0x2</alignment>
         <input_file_ref idref="fl-32"/>
      </object_component>
      <object_component id="oc-4b">
         <name>.text:decompress:ZI:__TI_zero_init_nomemset</name>
         <load_address>0x190fe</load_address>
         <readonly>true</readonly>
         <executable>true</executable>
         <run_address>0x190fe</run_address>
         <size>0x16</size>
         <alignment>0x2</alignment>
         <input_file_ref idref="fl-39"/>
      </object_component>
      <object_component id="oc-8c">
         <name>.text.VL_LowPower</name>
         <load_address>0x19114</load_address>
         <readonly>true</readonly>
         <executable>true</executable>
         <run_address>0x19114</run_address>
         <size>0x14</size>
         <alignment>0x4</alignment>
         <input_file_ref idref="fl-a"/>
      </object_component>
      <object_component id="oc-8b">
         <name>.text.VL_PowerEnable</name>
         <load_address>0x19128</load_address>
         <readonly>true</readonly>
         <executable>true</executable>
         <run_address>0x19128</run_address>
         <size>0x14</size>
         <alignment>0x4</alignment>
         <input_file_ref idref="fl-a"/>
      </object_component>
      <object_component id="oc-19b">
         <name>.text.__aeabi_uldivmod</name>
         <load_address>0x1913c</load_address>
         <readonly>true</readonly>
         <executable>true</executable>
         <run_address>0x1913c</run_address>
         <size>0x14</size>
         <alignment>0x4</alignment>
         <input_file_ref idref="fl-115"/>
      </object_component>
      <object_component id="oc-151">
         <name>.text.DL_UART_setClockConfig</name>
         <load_address>0x19150</load_address>
         <readonly>true</readonly>
         <executable>true</executable>
         <run_address>0x19150</run_address>
         <size>0x12</size>
         <alignment>0x2</alignment>
         <input_file_ref idref="fl-1b"/>
      </object_component>
      <object_component id="oc-20">
         <name>.text:decompress:none</name>
         <load_address>0x19162</load_address>
         <readonly>true</readonly>
         <executable>true</executable>
         <run_address>0x19162</run_address>
         <size>0x12</size>
         <alignment>0x2</alignment>
         <input_file_ref idref="fl-3a"/>
      </object_component>
      <object_component id="oc-34">
         <name>.text.SysTick_Handler</name>
         <load_address>0x19174</load_address>
         <readonly>true</readonly>
         <executable>true</executable>
         <run_address>0x19174</run_address>
         <size>0x10</size>
         <alignment>0x4</alignment>
         <input_file_ref idref="fl-8"/>
      </object_component>
      <object_component id="oc-86">
         <name>.text.VL_I2C_Init</name>
         <load_address>0x19184</load_address>
         <readonly>true</readonly>
         <executable>true</executable>
         <run_address>0x19184</run_address>
         <size>0x10</size>
         <alignment>0x4</alignment>
         <input_file_ref idref="fl-a"/>
      </object_component>
      <object_component id="oc-18d">
         <name>.text.wcslen</name>
         <load_address>0x19194</load_address>
         <readonly>true</readonly>
         <executable>true</executable>
         <run_address>0x19194</run_address>
         <size>0x10</size>
         <alignment>0x2</alignment>
         <input_file_ref idref="fl-3f"/>
      </object_component>
      <object_component id="oc-181">
         <name>.text.__aeabi_memset</name>
         <load_address>0x191a4</load_address>
         <readonly>true</readonly>
         <executable>true</executable>
         <run_address>0x191a4</run_address>
         <size>0xe</size>
         <alignment>0x4</alignment>
         <input_file_ref idref="fl-113"/>
      </object_component>
      <object_component id="oc-180">
         <name>.text.strlen</name>
         <load_address>0x191b2</load_address>
         <readonly>true</readonly>
         <executable>true</executable>
         <run_address>0x191b2</run_address>
         <size>0xe</size>
         <alignment>0x2</alignment>
         <input_file_ref idref="fl-3c"/>
      </object_component>
      <object_component id="oc-63">
         <name>.text.__aeabi_memclr</name>
         <load_address>0x191c0</load_address>
         <readonly>true</readonly>
         <executable>true</executable>
         <run_address>0x191c0</run_address>
         <size>0xc</size>
         <alignment>0x4</alignment>
         <input_file_ref idref="fl-113"/>
      </object_component>
      <object_component id="oc-102">
         <name>.text.DL_Common_delayCycles</name>
         <load_address>0x191cc</load_address>
         <readonly>true</readonly>
         <executable>true</executable>
         <run_address>0x191cc</run_address>
         <size>0xa</size>
         <alignment>0x2</alignment>
         <input_file_ref idref="fl-19"/>
      </object_component>
      <object_component id="oc-191">
         <name>.text.__aeabi_errno_addr</name>
         <load_address>0x191d8</load_address>
         <readonly>true</readonly>
         <executable>true</executable>
         <run_address>0x191d8</run_address>
         <size>0x8</size>
         <alignment>0x4</alignment>
         <input_file_ref idref="fl-40"/>
      </object_component>
      <object_component id="oc-44">
         <name>.text.__aeabi_memcpy</name>
         <load_address>0x191e0</load_address>
         <readonly>true</readonly>
         <executable>true</executable>
         <run_address>0x191e0</run_address>
         <size>0x8</size>
         <alignment>0x4</alignment>
         <input_file_ref idref="fl-111"/>
      </object_component>
      <object_component id="oc-15c">
         <name>.text.__aeabi_memmove</name>
         <load_address>0x191e8</load_address>
         <readonly>true</readonly>
         <executable>true</executable>
         <run_address>0x191e8</run_address>
         <size>0x8</size>
         <alignment>0x4</alignment>
         <input_file_ref idref="fl-112"/>
      </object_component>
      <object_component id="oc-d7">
         <name>.text:abort</name>
         <load_address>0x191f0</load_address>
         <readonly>true</readonly>
         <executable>true</executable>
         <run_address>0x191f0</run_address>
         <size>0x6</size>
         <alignment>0x2</alignment>
         <input_file_ref idref="fl-41"/>
      </object_component>
      <object_component id="oc-139">
         <name>.text.HOSTexit</name>
         <load_address>0x191f6</load_address>
         <readonly>true</readonly>
         <executable>true</executable>
         <run_address>0x191f6</run_address>
         <size>0x4</size>
         <alignment>0x2</alignment>
         <input_file_ref idref="fl-f2"/>
      </object_component>
      <object_component id="oc-2f">
         <name>.text.Reset_Handler</name>
         <load_address>0x191fa</load_address>
         <readonly>true</readonly>
         <executable>true</executable>
         <run_address>0x191fa</run_address>
         <size>0x4</size>
         <alignment>0x2</alignment>
         <input_file_ref idref="fl-2"/>
      </object_component>
      <object_component id="oc-10c">
         <name>.text.VL53L7CX_RdByte</name>
         <load_address>0x191fe</load_address>
         <readonly>true</readonly>
         <executable>true</executable>
         <run_address>0x191fe</run_address>
         <size>0x4</size>
         <alignment>0x2</alignment>
         <input_file_ref idref="fl-7"/>
      </object_component>
      <object_component id="oc-10e">
         <name>.text.VL53L7CX_RdMulti</name>
         <load_address>0x19202</load_address>
         <readonly>true</readonly>
         <executable>true</executable>
         <run_address>0x19202</run_address>
         <size>0x4</size>
         <alignment>0x2</alignment>
         <input_file_ref idref="fl-7"/>
      </object_component>
      <object_component id="oc-10d">
         <name>.text.VL53L7CX_WaitMs</name>
         <load_address>0x19206</load_address>
         <readonly>true</readonly>
         <executable>true</executable>
         <run_address>0x19206</run_address>
         <size>0x4</size>
         <alignment>0x2</alignment>
         <input_file_ref idref="fl-7"/>
      </object_component>
      <object_component id="oc-106">
         <name>.text.VL53L7CX_WrByte</name>
         <load_address>0x1920a</load_address>
         <readonly>true</readonly>
         <executable>true</executable>
         <run_address>0x1920a</run_address>
         <size>0x4</size>
         <alignment>0x2</alignment>
         <input_file_ref idref="fl-7"/>
      </object_component>
      <object_component id="oc-111">
         <name>.text.VL53L7CX_WrMulti</name>
         <load_address>0x1920e</load_address>
         <readonly>true</readonly>
         <executable>true</executable>
         <run_address>0x1920e</run_address>
         <size>0x4</size>
         <alignment>0x2</alignment>
         <input_file_ref idref="fl-7"/>
      </object_component>
      <object_component id="oc-68">
         <name>.text._system_pre_init</name>
         <load_address>0x19212</load_address>
         <readonly>true</readonly>
         <executable>true</executable>
         <run_address>0x19212</run_address>
         <size>0x4</size>
         <alignment>0x2</alignment>
         <input_file_ref idref="fl-37"/>
      </object_component>
      <object_component id="oc-245">
         <name>__TI_handler_table</name>
         <load_address>0x19218</load_address>
         <readonly>true</readonly>
         <run_address>0x19218</run_address>
         <size>0xc</size>
         <alignment>0x4</alignment>
      </object_component>
      <object_component id="oc-247">
         <name>.cinit..data.load</name>
         <load_address>0x19224</load_address>
         <readonly>true</readonly>
         <run_address>0x19224</run_address>
         <size>0xa</size>
         <alignment>0x1</alignment>
      </object_component>
      <object_component id="oc-248">
         <name>.cinit..bss.load</name>
         <load_address>0x19230</load_address>
         <readonly>true</readonly>
         <run_address>0x19230</run_address>
         <size>0x8</size>
         <alignment>0x4</alignment>
      </object_component>
      <object_component id="oc-246">
         <name>__TI_cinit_table</name>
         <load_address>0x19238</load_address>
         <readonly>true</readonly>
         <run_address>0x19238</run_address>
         <size>0x10</size>
         <alignment>0x4</alignment>
      </object_component>
      <object_component id="oc-112">
         <name>.rodata.VL53L7CX_FIRMWARE</name>
         <load_address>0xc0</load_address>
         <readonly>true</readonly>
         <run_address>0xc0</run_address>
         <size>0x15000</size>
         <alignment>0x1</alignment>
         <input_file_ref idref="fl-3"/>
      </object_component>
      <object_component id="oc-110">
         <name>.rodata.VL53L7CX_DEFAULT_CONFIGURATION</name>
         <load_address>0x150c0</load_address>
         <readonly>true</readonly>
         <run_address>0x150c0</run_address>
         <size>0x3cc</size>
         <alignment>0x1</alignment>
         <input_file_ref idref="fl-3"/>
      </object_component>
      <object_component id="oc-10f">
         <name>.rodata.VL53L7CX_DEFAULT_XTALK</name>
         <load_address>0x1548c</load_address>
         <readonly>true</readonly>
         <run_address>0x1548c</run_address>
         <size>0x308</size>
         <alignment>0x4</alignment>
         <input_file_ref idref="fl-3"/>
      </object_component>
      <object_component id="oc-154">
         <name>.rodata.gCONFIG_UART_0Config</name>
         <load_address>0x15794</load_address>
         <readonly>true</readonly>
         <run_address>0x15794</run_address>
         <size>0xa</size>
         <alignment>0x2</alignment>
         <input_file_ref idref="fl-1"/>
      </object_component>
      <object_component id="oc-150">
         <name>.rodata.gCONFIG_I2C_0ClockConfig</name>
         <load_address>0x1579e</load_address>
         <readonly>true</readonly>
         <run_address>0x1579e</run_address>
         <size>0x2</size>
         <alignment>0x1</alignment>
         <input_file_ref idref="fl-1"/>
      </object_component>
      <object_component id="oc-1ad">
         <name>.rodata:__aeabi_ctype_table_</name>
         <load_address>0x157a0</load_address>
         <readonly>true</readonly>
         <run_address>0x157a0</run_address>
         <size>0x101</size>
         <alignment>0x10</alignment>
         <input_file_ref idref="fl-4f"/>
      </object_component>
      <object_component id="oc-c8">
         <name>.rodata.str1.15159059442110792349.1</name>
         <load_address>0x158a1</load_address>
         <readonly>true</readonly>
         <run_address>0x158a1</run_address>
         <size>0x59</size>
         <alignment>0x1</alignment>
         <input_file_ref idref="fl-8"/>
      </object_component>
      <object_component id="oc-d1">
         <name>.rodata.str1.17100691992556644108.1</name>
         <load_address>0x158fa</load_address>
         <readonly>true</readonly>
         <run_address>0x158fa</run_address>
         <size>0x40</size>
         <alignment>0x1</alignment>
         <input_file_ref idref="fl-8"/>
      </object_component>
      <object_component id="oc-d2">
         <name>.rodata.str1.18227636981041470289.1</name>
         <load_address>0x1593a</load_address>
         <readonly>true</readonly>
         <run_address>0x1593a</run_address>
         <size>0x3e</size>
         <alignment>0x1</alignment>
         <input_file_ref idref="fl-8"/>
      </object_component>
      <object_component id="oc-11a">
         <name>.rodata..L__const.vl53l7cx_start_ranging.output</name>
         <load_address>0x15978</load_address>
         <readonly>true</readonly>
         <run_address>0x15978</run_address>
         <size>0x30</size>
         <alignment>0x4</alignment>
         <input_file_ref idref="fl-3"/>
      </object_component>
      <object_component id="oc-117">
         <name>.rodata.VL53L7CX_GET_NVM_CMD</name>
         <load_address>0x159a8</load_address>
         <readonly>true</readonly>
         <run_address>0x159a8</run_address>
         <size>0x28</size>
         <alignment>0x1</alignment>
         <input_file_ref idref="fl-3"/>
      </object_component>
      <object_component id="oc-d5">
         <name>.rodata.str1.288608917962107522.1</name>
         <load_address>0x159d0</load_address>
         <readonly>true</readonly>
         <run_address>0x159d0</run_address>
         <size>0x17</size>
         <alignment>0x1</alignment>
         <input_file_ref idref="fl-8"/>
      </object_component>
      <object_component id="oc-d0">
         <name>.rodata.str1.8154729771448623357.1</name>
         <load_address>0x159e7</load_address>
         <readonly>true</readonly>
         <run_address>0x159e7</run_address>
         <size>0x12</size>
         <alignment>0x1</alignment>
         <input_file_ref idref="fl-8"/>
      </object_component>
      <object_component id="oc-19a">
         <name>.rodata.str1.10348868589481759720.1</name>
         <load_address>0x159f9</load_address>
         <readonly>true</readonly>
         <run_address>0x159f9</run_address>
         <size>0x11</size>
         <alignment>0x1</alignment>
         <input_file_ref idref="fl-3c"/>
      </object_component>
      <object_component id="oc-186">
         <name>.rodata.str1.15363888844622738466.1</name>
         <load_address>0x15a0a</load_address>
         <readonly>true</readonly>
         <run_address>0x15a0a</run_address>
         <size>0x11</size>
         <alignment>0x1</alignment>
         <input_file_ref idref="fl-3c"/>
      </object_component>
      <object_component id="oc-d3">
         <name>.rodata.str1.12180500075719773345.1</name>
         <load_address>0x15a1b</load_address>
         <readonly>true</readonly>
         <run_address>0x15a1b</run_address>
         <size>0x1</size>
         <alignment>0x1</alignment>
         <input_file_ref idref="fl-8"/>
      </object_component>
      <object_component id="oc-156">
         <name>.rodata.gCONFIG_UART_1Config</name>
         <load_address>0x15a1c</load_address>
         <readonly>true</readonly>
         <run_address>0x15a1c</run_address>
         <size>0xa</size>
         <alignment>0x2</alignment>
         <input_file_ref idref="fl-1"/>
      </object_component>
      <object_component id="oc-d6">
         <name>.rodata.str1.14112174005742061988.1</name>
         <load_address>0x15a26</load_address>
         <readonly>true</readonly>
         <run_address>0x15a26</run_address>
         <size>0x3</size>
         <alignment>0x1</alignment>
         <input_file_ref idref="fl-8"/>
      </object_component>
      <object_component id="oc-153">
         <name>.rodata.gCONFIG_UART_0ClockConfig</name>
         <load_address>0x15a29</load_address>
         <readonly>true</readonly>
         <run_address>0x15a29</run_address>
         <size>0x2</size>
         <alignment>0x1</alignment>
         <input_file_ref idref="fl-1"/>
      </object_component>
      <object_component id="oc-155">
         <name>.rodata.gCONFIG_UART_1ClockConfig</name>
         <load_address>0x15a2b</load_address>
         <readonly>true</readonly>
         <run_address>0x15a2b</run_address>
         <size>0x2</size>
         <alignment>0x1</alignment>
         <input_file_ref idref="fl-1"/>
      </object_component>
      <object_component id="oc-d4">
         <name>.rodata.str1.2846389346932560359.1</name>
         <load_address>0x15a2d</load_address>
         <readonly>true</readonly>
         <run_address>0x15a2d</run_address>
         <size>0x2</size>
         <alignment>0x1</alignment>
         <input_file_ref idref="fl-8"/>
      </object_component>
      <object_component id="oc-20d">
         <name>.binit</name>
         <load_address>0x0</load_address>
         <readonly>true</readonly>
         <run_address>0x0</run_address>
         <size>0x0</size>
         <alignment>0x4</alignment>
      </object_component>
      <object_component id="oc-5b">
         <name>.data.g_ms</name>
         <load_address>0x200000dc</load_address>
         <readwrite>true</readwrite>
         <run_address>0x200000dc</run_address>
         <size>0x4</size>
         <alignment>0x4</alignment>
         <input_file_ref idref="fl-8"/>
      </object_component>
      <object_component id="oc-be">
         <name>.data.base_frames</name>
         <load_address>0x200000ef</load_address>
         <readwrite>true</readwrite>
         <run_address>0x200000ef</run_address>
         <size>0x1</size>
         <alignment>0x1</alignment>
         <input_file_ref idref="fl-8"/>
      </object_component>
      <object_component id="oc-bf">
         <name>.data.baseline_ready</name>
         <load_address>0x200000f0</load_address>
         <readwrite>true</readwrite>
         <run_address>0x200000f0</run_address>
         <size>0x1</size>
         <alignment>0x1</alignment>
         <input_file_ref idref="fl-8"/>
      </object_component>
      <object_component id="oc-c2">
         <name>.data.lastSeenMs</name>
         <load_address>0x200000e4</load_address>
         <readwrite>true</readwrite>
         <run_address>0x200000e4</run_address>
         <size>0x4</size>
         <alignment>0x4</alignment>
         <input_file_ref idref="fl-8"/>
      </object_component>
      <object_component id="oc-c0">
         <name>.data.sessionActive</name>
         <load_address>0x200000f2</load_address>
         <readwrite>true</readwrite>
         <run_address>0x200000f2</run_address>
         <size>0x1</size>
         <alignment>0x1</alignment>
         <input_file_ref idref="fl-8"/>
      </object_component>
      <object_component id="oc-c1">
         <name>.data.sessionStartMs</name>
         <load_address>0x200000e8</load_address>
         <readwrite>true</readwrite>
         <run_address>0x200000e8</run_address>
         <size>0x4</size>
         <alignment>0x4</alignment>
         <input_file_ref idref="fl-8"/>
      </object_component>
      <object_component id="oc-c4">
         <name>.data.curZone</name>
         <load_address>0x200000f1</load_address>
         <readwrite>true</readwrite>
         <run_address>0x200000f1</run_address>
         <size>0x1</size>
         <alignment>0x1</alignment>
         <input_file_ref idref="fl-8"/>
      </object_component>
      <object_component id="oc-c3">
         <name>.data.lastFrameMs</name>
         <load_address>0x200000e0</load_address>
         <readwrite>true</readwrite>
         <run_address>0x200000e0</run_address>
         <size>0x4</size>
         <alignment>0x4</alignment>
         <input_file_ref idref="fl-8"/>
      </object_component>
      <object_component id="oc-c7">
         <name>.data.zoneDwellMs</name>
         <load_address>0x200000c0</load_address>
         <readwrite>true</readwrite>
         <run_address>0x200000c0</run_address>
         <size>0xc</size>
         <alignment>0x4</alignment>
         <input_file_ref idref="fl-8"/>
      </object_component>
      <object_component id="oc-c5">
         <name>.data.zoneEntered</name>
         <load_address>0x200000ec</load_address>
         <readwrite>true</readwrite>
         <run_address>0x200000ec</run_address>
         <size>0x3</size>
         <alignment>0x1</alignment>
         <input_file_ref idref="fl-8"/>
      </object_component>
      <object_component id="oc-c6">
         <name>.data.zoneFirstEntryMs</name>
         <load_address>0x200000cc</load_address>
         <readwrite>true</readwrite>
         <run_address>0x200000cc</run_address>
         <size>0xc</size>
         <alignment>0x4</alignment>
         <input_file_ref idref="fl-8"/>
      </object_component>
      <object_component id="oc-1b4">
         <name>.data.__aeabi_errno</name>
         <load_address>0x200000d8</load_address>
         <readwrite>true</readwrite>
         <run_address>0x200000d8</run_address>
         <size>0x4</size>
         <alignment>0x4</alignment>
         <input_file_ref idref="fl-40"/>
      </object_component>
      <object_component id="oc-bc">
         <name>.bss.baseline</name>
         <uninitialized>true</uninitialized>
         <readwrite>true</readwrite>
         <run_address>0x20000000</run_address>
         <size>0x80</size>
         <alignment>0x4</alignment>
         <input_file_ref idref="fl-8"/>
      </object_component>
      <object_component id="oc-bd">
         <name>.bss.base_valid</name>
         <uninitialized>true</uninitialized>
         <readwrite>true</readwrite>
         <run_address>0x20000080</run_address>
         <size>0x40</size>
         <alignment>0x4</alignment>
         <input_file_ref idref="fl-8"/>
      </object_component>
      <object_component id="oc-1a">
         <name>.stack</name>
         <uninitialized>true</uninitialized>
         <readwrite>true</readwrite>
         <run_address>0x20003f00</run_address>
         <size>0x4</size>
         <alignment>0x4</alignment>
         <input_file_ref idref="fl-34"/>
      </object_component>
      <object_component id="oc-24a">
         <name>.stack</name>
         <uninitialized>true</uninitialized>
         <readwrite>true</readwrite>
         <run_address>0x20003f00</run_address>
         <size>0x0</size>
         <alignment>0x8</alignment>
      </object_component>
      <object_component id="oc-fa">
         <name>.debug_loc</name>
         <load_address>0x0</load_address>
         <run_address>0x0</run_address>
         <size>0x175</size>
         <alignment>0x1</alignment>
         <input_file_ref idref="fl-1"/>
      </object_component>
      <object_component id="oc-93">
         <name>.debug_loc</name>
         <load_address>0x175</load_address>
         <run_address>0x175</run_address>
         <size>0x23f8</size>
         <alignment>0x1</alignment>
         <input_file_ref idref="fl-3"/>
      </object_component>
      <object_component id="oc-109">
         <name>.debug_loc</name>
         <load_address>0x256d</load_address>
         <run_address>0x256d</run_address>
         <size>0x187</size>
         <alignment>0x1</alignment>
         <input_file_ref idref="fl-7"/>
      </object_component>
      <object_component id="oc-5e">
         <name>.debug_loc</name>
         <load_address>0x26f4</load_address>
         <run_address>0x26f4</run_address>
         <size>0x69c</size>
         <alignment>0x1</alignment>
         <input_file_ref idref="fl-8"/>
      </object_component>
      <object_component id="oc-8e">
         <name>.debug_loc</name>
         <load_address>0x2d90</load_address>
         <run_address>0x2d90</run_address>
         <size>0x6be</size>
         <alignment>0x1</alignment>
         <input_file_ref idref="fl-a"/>
      </object_component>
      <object_component id="oc-99">
         <name>.debug_loc</name>
         <load_address>0x344e</load_address>
         <run_address>0x344e</run_address>
         <size>0x114</size>
         <alignment>0x1</alignment>
         <input_file_ref idref="fl-b"/>
      </object_component>
      <object_component id="oc-159">
         <name>.debug_loc</name>
         <load_address>0x3562</load_address>
         <run_address>0x3562</run_address>
         <size>0x13</size>
         <alignment>0x1</alignment>
         <input_file_ref idref="fl-19"/>
      </object_component>
      <object_component id="oc-14b">
         <name>.debug_loc</name>
         <load_address>0x3575</load_address>
         <run_address>0x3575</run_address>
         <size>0x37a</size>
         <alignment>0x1</alignment>
         <input_file_ref idref="fl-1a"/>
      </object_component>
      <object_component id="oc-11e">
         <name>.debug_loc</name>
         <load_address>0x38ef</load_address>
         <run_address>0x38ef</run_address>
         <size>0x7e4</size>
         <alignment>0x1</alignment>
         <input_file_ref idref="fl-1b"/>
      </object_component>
      <object_component id="oc-cd">
         <name>.debug_loc</name>
         <load_address>0x40d3</load_address>
         <run_address>0x40d3</run_address>
         <size>0x193</size>
         <alignment>0x1</alignment>
         <input_file_ref idref="fl-32"/>
      </object_component>
      <object_component id="oc-3f">
         <name>.debug_loc</name>
         <load_address>0x4266</load_address>
         <run_address>0x4266</run_address>
         <size>0xd8</size>
         <alignment>0x1</alignment>
         <input_file_ref idref="fl-34"/>
      </object_component>
      <object_component id="oc-e1">
         <name>.debug_loc</name>
         <load_address>0x433e</load_address>
         <run_address>0x433e</run_address>
         <size>0x424</size>
         <alignment>0x1</alignment>
         <input_file_ref idref="fl-36"/>
      </object_component>
      <object_component id="oc-4f">
         <name>.debug_loc</name>
         <load_address>0x4762</load_address>
         <run_address>0x4762</run_address>
         <size>0x16c</size>
         <alignment>0x1</alignment>
         <input_file_ref idref="fl-39"/>
      </object_component>
      <object_component id="oc-4a">
         <name>.debug_loc</name>
         <load_address>0x48ce</load_address>
         <run_address>0x48ce</run_address>
         <size>0x6f</size>
         <alignment>0x1</alignment>
         <input_file_ref idref="fl-3a"/>
      </object_component>
      <object_component id="oc-42">
         <name>.debug_loc</name>
         <load_address>0x493d</load_address>
         <run_address>0x493d</run_address>
         <size>0x167</size>
         <alignment>0x1</alignment>
         <input_file_ref idref="fl-3b"/>
      </object_component>
      <object_component id="oc-16b">
         <name>.debug_loc</name>
         <load_address>0x4aa4</load_address>
         <run_address>0x4aa4</run_address>
         <size>0x32d8</size>
         <alignment>0x1</alignment>
         <input_file_ref idref="fl-3c"/>
      </object_component>
      <object_component id="oc-1b3">
         <name>.debug_loc</name>
         <load_address>0x7d7c</load_address>
         <run_address>0x7d7c</run_address>
         <size>0x33</size>
         <alignment>0x1</alignment>
         <input_file_ref idref="fl-3f"/>
      </object_component>
      <object_component id="oc-1b7">
         <name>.debug_loc</name>
         <load_address>0x7daf</load_address>
         <run_address>0x7daf</run_address>
         <size>0x101</size>
         <alignment>0x1</alignment>
         <input_file_ref idref="fl-40"/>
      </object_component>
      <object_component id="oc-dd">
         <name>.debug_loc</name>
         <load_address>0x7eb0</load_address>
         <run_address>0x7eb0</run_address>
         <size>0x26</size>
         <alignment>0x1</alignment>
         <input_file_ref idref="fl-41"/>
      </object_component>
      <object_component id="oc-1b0">
         <name>.debug_loc</name>
         <load_address>0x7ed6</load_address>
         <run_address>0x7ed6</run_address>
         <size>0x66</size>
         <alignment>0x1</alignment>
         <input_file_ref idref="fl-46"/>
      </object_component>
      <object_component id="oc-1ac">
         <name>.debug_loc</name>
         <load_address>0x7f3c</load_address>
         <run_address>0x7f3c</run_address>
         <size>0xbf</size>
         <alignment>0x1</alignment>
         <input_file_ref idref="fl-48"/>
      </object_component>
      <object_component id="oc-165">
         <name>.debug_loc</name>
         <load_address>0x7ffb</load_address>
         <run_address>0x7ffb</run_address>
         <size>0x20</size>
         <alignment>0x1</alignment>
         <input_file_ref idref="fl-119"/>
      </object_component>
      <object_component id="oc-1a9">
         <name>.debug_loc</name>
         <load_address>0x801b</load_address>
         <run_address>0x801b</run_address>
         <size>0xe6</size>
         <alignment>0x1</alignment>
         <input_file_ref idref="fl-11e"/>
      </object_component>
      <object_component id="oc-fe">
         <name>.debug_abbrev</name>
         <load_address>0x0</load_address>
         <run_address>0x0</run_address>
         <size>0x1ae</size>
         <alignment>0x1</alignment>
         <input_file_ref idref="fl-1"/>
      </object_component>
      <object_component id="oc-39">
         <name>.debug_abbrev</name>
         <load_address>0x1ae</load_address>
         <run_address>0x1ae</run_address>
         <size>0x6d</size>
         <alignment>0x1</alignment>
         <input_file_ref idref="fl-2"/>
      </object_component>
      <object_component id="oc-118">
         <name>.debug_abbrev</name>
         <load_address>0x21b</load_address>
         <run_address>0x21b</run_address>
         <size>0x2a8</size>
         <alignment>0x1</alignment>
         <input_file_ref idref="fl-3"/>
      </object_component>
      <object_component id="oc-15a">
         <name>.debug_abbrev</name>
         <load_address>0x4c3</load_address>
         <run_address>0x4c3</run_address>
         <size>0xc8</size>
         <alignment>0x1</alignment>
         <input_file_ref idref="fl-7"/>
      </object_component>
      <object_component id="oc-5c">
         <name>.debug_abbrev</name>
         <load_address>0x58b</load_address>
         <run_address>0x58b</run_address>
         <size>0x249</size>
         <alignment>0x1</alignment>
         <input_file_ref idref="fl-8"/>
      </object_component>
      <object_component id="oc-100">
         <name>.debug_abbrev</name>
         <load_address>0x7d4</load_address>
         <run_address>0x7d4</run_address>
         <size>0x200</size>
         <alignment>0x1</alignment>
         <input_file_ref idref="fl-a"/>
      </object_component>
      <object_component id="oc-121">
         <name>.debug_abbrev</name>
         <load_address>0x9d4</load_address>
         <run_address>0x9d4</run_address>
         <size>0x1bf</size>
         <alignment>0x1</alignment>
         <input_file_ref idref="fl-b"/>
      </object_component>
      <object_component id="oc-157">
         <name>.debug_abbrev</name>
         <load_address>0xb93</load_address>
         <run_address>0xb93</run_address>
         <size>0x62</size>
         <alignment>0x1</alignment>
         <input_file_ref idref="fl-19"/>
      </object_component>
      <object_component id="oc-179">
         <name>.debug_abbrev</name>
         <load_address>0xbf5</load_address>
         <run_address>0xbf5</run_address>
         <size>0x1e7</size>
         <alignment>0x1</alignment>
         <input_file_ref idref="fl-1a"/>
      </object_component>
      <object_component id="oc-160">
         <name>.debug_abbrev</name>
[...]
      </symbol>
      <symbol id="sm-5e">
         <name>SYSCFG_DL_CONFIG_UART_1_init</name>
         <value>0x18ad5</value>
         <object_component_ref idref="oc-fd"/>
      </symbol>
      <symbol id="sm-69">
         <name>Default_Handler</name>
         <value>0x18a73</value>
         <object_component_ref idref="oc-33"/>
      </symbol>
      <symbol id="sm-6a">
         <name>Reset_Handler</name>
         <value>0x191fb</value>
         <object_component_ref idref="oc-2f"/>
      </symbol>
      <symbol id="sm-6b">
         <name>interruptVectors</name>
         <value>0x0</value>
         <object_component_ref idref="oc-18"/>
      </symbol>
      <symbol id="sm-6c">
         <name>NMI_Handler</name>
         <value>0x18a73</value>
         <object_component_ref idref="oc-33"/>
      </symbol>
      <symbol id="sm-6d">
         <name>HardFault_Handler</name>
         <value>0x18a73</value>
         <object_component_ref idref="oc-33"/>
      </symbol>
      <symbol id="sm-6e">
         <name>SVC_Handler</name>
         <value>0x18a73</value>
         <object_component_ref idref="oc-33"/>
      </symbol>
      <symbol id="sm-6f">
         <name>PendSV_Handler</name>
         <value>0x18a73</value>
         <object_component_ref idref="oc-33"/>
      </symbol>
      <symbol id="sm-70">
         <name>GROUP0_IRQHandler</name>
         <value>0x18a73</value>
         <object_component_ref idref="oc-33"/>
      </symbol>
      <symbol id="sm-71">
         <name>GROUP1_IRQHandler</name>
         <value>0x18a73</value>
         <object_component_ref idref="oc-33"/>
      </symbol>
      <symbol id="sm-72">
         <name>TIMG8_IRQHandler</name>
         <value>0x18a73</value>
         <object_component_ref idref="oc-33"/>
      </symbol>
      <symbol id="sm-73">
         <name>ADC0_IRQHandler</name>
         <value>0x18a73</value>
         <object_component_ref idref="oc-33"/>
      </symbol>
      <symbol id="sm-74">
         <name>SPI0_IRQHandler</name>
         <value>0x18a73</value>
         <object_component_ref idref="oc-33"/>
      </symbol>
      <symbol id="sm-75">
         <name>UART1_IRQHandler</name>
         <value>0x18a73</value>
         <object_component_ref idref="oc-33"/>
      </symbol>
      <symbol id="sm-76">
         <name>UART0_IRQHandler</name>
         <value>0x18a73</value>
         <object_component_ref idref="oc-33"/>
      </symbol>
      <symbol id="sm-77">
         <name>TIMG0_IRQHandler</name>
         <value>0x18a73</value>
         <object_component_ref idref="oc-33"/>
      </symbol>
      <symbol id="sm-78">
         <name>TIMA0_IRQHandler</name>
         <value>0x18a73</value>
         <object_component_ref idref="oc-33"/>
      </symbol>
      <symbol id="sm-79">
         <name>TIMG1_IRQHandler</name>
         <value>0x18a73</value>
         <object_component_ref idref="oc-33"/>
      </symbol>
      <symbol id="sm-7a">
         <name>I2C0_IRQHandler</name>
         <value>0x18a73</value>
         <object_component_ref idref="oc-33"/>
      </symbol>
      <symbol id="sm-7b">
         <name>AESADV_IRQHandler</name>
         <value>0x18a73</value>
         <object_component_ref idref="oc-33"/>
      </symbol>
      <symbol id="sm-7c">
         <name>LFSS_IRQHandler</name>
         <value>0x18a73</value>
         <object_component_ref idref="oc-33"/>
      </symbol>
      <symbol id="sm-7d">
         <name>DMA_IRQHandler</name>
         <value>0x18a73</value>
         <object_component_ref idref="oc-33"/>
      </symbol>
      <symbol id="sm-ab">
         <name>vl53l7cx_init</name>
         <value>0x16351</value>
         <object_component_ref idref="oc-8f"/>
      </symbol>
      <symbol id="sm-ac">
         <name>VL53L7CX_DEFAULT_XTALK</name>
         <value>0x1548c</value>
         <object_component_ref idref="oc-10f"/>
      </symbol>
      <symbol id="sm-ad">
         <name>VL53L7CX_DEFAULT_CONFIGURATION</name>
         <value>0x150c0</value>
         <object_component_ref idref="oc-110"/>
      </symbol>
      <symbol id="sm-ae">
         <name>VL53L7CX_FIRMWARE</name>
         <value>0xc0</value>
         <object_component_ref idref="oc-112"/>
      </symbol>
      <symbol id="sm-af">
         <name>vl53l7cx_dci_write_data</name>
         <value>0x181b5</value>
         <object_component_ref idref="oc-115"/>
      </symbol>
      <symbol id="sm-b0">
         <name>vl53l7cx_dci_read_data</name>
         <value>0x1831d</value>
         <object_component_ref idref="oc-116"/>
      </symbol>
      <symbol id="sm-b1">
         <name>VL53L7CX_GET_NVM_CMD</name>
         <value>0x159a8</value>
         <object_component_ref idref="oc-117"/>
      </symbol>
      <symbol id="sm-b2">
         <name>vl53l7cx_start_ranging</name>
         <value>0x17ac5</value>
         <object_component_ref idref="oc-97"/>
      </symbol>
      <symbol id="sm-b3">
         <name>vl53l7cx_check_data_ready</name>
         <value>0x18b35</value>
         <object_component_ref idref="oc-9f"/>
      </symbol>
      <symbol id="sm-b4">
         <name>vl53l7cx_get_ranging_data</name>
         <value>0x17439</value>
         <object_component_ref idref="oc-9e"/>
      </symbol>
      <symbol id="sm-b5">
         <name>vl53l7cx_set_resolution</name>
         <value>0x18471</value>
         <object_component_ref idref="oc-96"/>
      </symbol>
      <symbol id="sm-b6">
         <name>vl53l7cx_set_ranging_frequency_hz</name>
         <value>0x18ed5</value>
         <object_component_ref idref="oc-95"/>
      </symbol>
      <symbol id="sm-cd">
         <name>VL53L7CX_RdByte</name>
         <value>0x191ff</value>
         <object_component_ref idref="oc-10c"/>
      </symbol>
      <symbol id="sm-ce">
         <name>VL53L7CX_WrByte</name>
         <value>0x1920b</value>
         <object_component_ref idref="oc-106"/>
      </symbol>
      <symbol id="sm-cf">
         <name>VL53L7CX_WrMulti</name>
         <value>0x1920f</value>
         <object_component_ref idref="oc-111"/>
      </symbol>
      <symbol id="sm-d0">
         <name>VL53L7CX_RdMulti</name>
         <value>0x19203</value>
         <object_component_ref idref="oc-10e"/>
      </symbol>
      <symbol id="sm-d1">
         <name>VL53L7CX_WaitMs</name>
         <value>0x19207</value>
         <object_component_ref idref="oc-10d"/>
      </symbol>
      <symbol id="sm-d2">
         <name>VL53L7CX_SwapBuffer</name>
         <value>0x1862d</value>
         <object_component_ref idref="oc-123"/>
      </symbol>
      <symbol id="sm-106">
         <name>SysTick_Handler</name>
         <value>0x19175</value>
         <object_component_ref idref="oc-34"/>
      </symbol>
      <symbol id="sm-107">
         <name>main</name>
         <value>0x15a31</value>
         <object_component_ref idref="oc-6c"/>
      </symbol>
      <symbol id="sm-11c">
         <name>VL_I2C_Init</name>
         <value>0x19185</value>
         <object_component_ref idref="oc-86"/>
      </symbol>
      <symbol id="sm-11d">
         <name>VL_PowerEnable</name>
         <value>0x19129</value>
         <object_component_ref idref="oc-8b"/>
      </symbol>
      <symbol id="sm-11e">
         <name>VL_LowPower</name>
         <value>0x19115</value>
         <object_component_ref idref="oc-8c"/>
      </symbol>
      <symbol id="sm-11f">
         <name>VL_I2C_ResetPulse</name>
         <value>0x18f0d</value>
         <object_component_ref idref="oc-8d"/>
      </symbol>
      <symbol id="sm-12d">
         <name>Uart0_Print</name>
         <value>0x18d25</value>
         <object_component_ref idref="oc-98"/>
      </symbol>
      <symbol id="sm-12e">
         <name>Uart1_Write</name>
         <value>0x18899</value>
         <object_component_ref idref="oc-cf"/>
      </symbol>
      <symbol id="sm-12f">
         <name>__TI_ATRegion0_src_addr</name>
         <value>0x0</value>
      </symbol>
      <symbol id="sm-130">
         <name>__TI_ATRegion0_trg_addr</name>
         <value>0x0</value>
      </symbol>
      <symbol id="sm-131">
         <name>__TI_ATRegion0_region_sz</name>
         <value>0x0</value>
      </symbol>
      <symbol id="sm-132">
         <name>__TI_ATRegion1_src_addr</name>
         <value>0x0</value>
      </symbol>
      <symbol id="sm-133">
         <name>__TI_ATRegion1_trg_addr</name>
         <value>0x0</value>
      </symbol>
      <symbol id="sm-134">
         <name>__TI_ATRegion1_region_sz</name>
         <value>0x0</value>
      </symbol>
      <symbol id="sm-135">
         <name>__TI_ATRegion2_src_addr</name>
         <value>0x0</value>
      </symbol>
      <symbol id="sm-136">
         <name>__TI_ATRegion2_trg_addr</name>
         <value>0x0</value>
      </symbol>
      <symbol id="sm-137">
         <name>__TI_ATRegion2_region_sz</name>
         <value>0x0</value>
      </symbol>
      <symbol id="sm-140">
         <name>DL_Common_delayCycles</name>
         <value>0x191cd</value>
         <object_component_ref idref="oc-102"/>
      </symbol>
      <symbol id="sm-14a">
         <name>DL_I2C_setClockConfig</name>
         <value>0x19019</value>
         <object_component_ref idref="oc-14a"/>
      </symbol>
      <symbol id="sm-15a">
         <name>DL_UART_init</name>
         <value>0x18c95</value>
         <object_component_ref idref="oc-152"/>
      </symbol>
      <symbol id="sm-15b">
         <name>DL_UART_setClockConfig</name>
         <value>0x19151</value>
         <object_component_ref idref="oc-151"/>
      </symbol>
      <symbol id="sm-15c">
         <name>DL_UART_transmitDataBlocking</name>
         <value>0x18f41</value>
         <object_component_ref idref="oc-11b"/>
      </symbol>
      <symbol id="sm-16d">
         <name>snprintf</name>
         <value>0x18c49</value>
         <object_component_ref idref="oc-c9"/>
      </symbol>
      <symbol id="sm-179">
         <name>_c_int00_noargs</name>
         <value>0x18ff1</value>
         <object_component_ref idref="oc-54"/>
      </symbol>
      <symbol id="sm-17a">
         <name>__stack</name>
         <value>0x20003f00</value>
         <object_component_ref idref="oc-1a"/>
      </symbol>
      <symbol id="sm-186">
         <name>__TI_auto_init_nobinit_nopinit</name>
         <value>0x18e25</value>
         <object_component_ref idref="oc-de"/>
      </symbol>
      <symbol id="sm-18e">
         <name>_system_pre_init</name>
         <value>0x19213</value>
         <object_component_ref idref="oc-68"/>
      </symbol>
      <symbol id="sm-199">
         <name>__TI_zero_init_nomemset</name>
         <value>0x190ff</value>
         <object_component_ref idref="oc-4b"/>
      </symbol>
      <symbol id="sm-1a2">
         <name>__TI_decompress_none</name>
         <value>0x19163</value>
         <object_component_ref idref="oc-20"/>
      </symbol>
      <symbol id="sm-1ad">
         <name>__TI_decompress_lzss</name>
         <value>0x18921</value>
         <object_component_ref idref="oc-1c"/>
      </symbol>
      <symbol id="sm-1cf">
         <name>__TI_printfi_nofloat</name>
         <value>0x16bd1</value>
         <object_component_ref idref="oc-16c"/>
      </symbol>
      <symbol id="sm-1da">
         <name>wcslen</name>
         <value>0x19195</value>
         <object_component_ref idref="oc-18d"/>
      </symbol>
      <symbol id="sm-1e5">
         <name>__aeabi_errno_addr</name>
         <value>0x191d9</value>
         <object_component_ref idref="oc-191"/>
      </symbol>
      <symbol id="sm-1e6">
         <name>__aeabi_errno</name>
         <value>0x200000d8</value>
         <object_component_ref idref="oc-1b4"/>
      </symbol>
      <symbol id="sm-1f0">
         <name>abort</name>
         <value>0x191f1</value>
         <object_component_ref idref="oc-d7"/>
      </symbol>
      <symbol id="sm-1fe">
         <name>atoi</name>
         <value>0x18da9</value>
         <object_component_ref idref="oc-189"/>
      </symbol>
      <symbol id="sm-208">
         <name>memccpy</name>
         <value>0x19089</value>
         <object_component_ref idref="oc-182"/>
      </symbol>
      <symbol id="sm-20f">
         <name>__aeabi_ctype_table_</name>
         <value>0x157a0</value>
         <object_component_ref idref="oc-1ad"/>
      </symbol>
      <symbol id="sm-210">
         <name>__aeabi_ctype_table_C</name>
         <value>0x157a0</value>
         <object_component_ref idref="oc-1ad"/>
      </symbol>
      <symbol id="sm-21b">
         <name>HOSTexit</name>
         <value>0x191f7</value>
         <object_component_ref idref="oc-139"/>
      </symbol>
      <symbol id="sm-21c">
         <name>C$$EXIT</name>
         <value>0x191f6</value>
         <object_component_ref idref="oc-139"/>
      </symbol>
      <symbol id="sm-231">
         <name>__aeabi_fadd</name>
         <value>0x1855f</value>
         <object_component_ref idref="oc-ac"/>
      </symbol>
      <symbol id="sm-232">
         <name>__addsf3</name>
         <value>0x1855f</value>
         <object_component_ref idref="oc-ac"/>
      </symbol>
      <symbol id="sm-233">
         <name>__aeabi_fsub</name>
         <value>0x18555</value>
         <object_component_ref idref="oc-ac"/>
      </symbol>
      <symbol id="sm-234">
         <name>__subsf3</name>
         <value>0x18555</value>
         <object_component_ref idref="oc-ac"/>
      </symbol>
      <symbol id="sm-23a">
         <name>__muldsi3</name>
         <value>0x18e61</value>
         <object_component_ref idref="oc-126"/>
      </symbol>
      <symbol id="sm-240">
         <name>__aeabi_fmul</name>
         <value>0x1880d</value>
         <object_component_ref idref="oc-a8"/>
      </symbol>
      <symbol id="sm-241">
         <name>__mulsf3</name>
         <value>0x1880d</value>
         <object_component_ref idref="oc-a8"/>
      </symbol>
      <symbol id="sm-247">
         <name>__aeabi_f2iz</name>
         <value>0x18e9d</value>
         <object_component_ref idref="oc-b0"/>
      </symbol>
      <symbol id="sm-248">
         <name>__fixsfsi</name>
         <value>0x18e9d</value>
         <object_component_ref idref="oc-b0"/>
      </symbol>
      <symbol id="sm-24e">
         <name>__aeabi_i2f</name>
         <value>0x18de9</value>
         <object_component_ref idref="oc-a4"/>
      </symbol>
      <symbol id="sm-24f">
         <name>__floatsisf</name>
         <value>0x18de9</value>
         <object_component_ref idref="oc-a4"/>
      </symbol>
      <symbol id="sm-255">
         <name>__aeabi_ui2f</name>
         <value>0x18fa1</value>
         <object_component_ref idref="oc-a0"/>
      </symbol>
      <symbol id="sm-256">
         <name>__floatunsisf</name>
         <value>0x18fa1</value>
         <object_component_ref idref="oc-a0"/>
      </symbol>
      <symbol id="sm-25c">
         <name>__aeabi_lmul</name>
         <value>0x19065</value>
         <object_component_ref idref="oc-196"/>
      </symbol>
      <symbol id="sm-25d">
         <name>__muldi3</name>
         <value>0x19065</value>
         <object_component_ref idref="oc-196"/>
      </symbol>
      <symbol id="sm-263">
         <name>__aeabi_idiv</name>
         <value>0x18bf1</value>
         <object_component_ref idref="oc-b4"/>
      </symbol>
      <symbol id="sm-264">
         <name>__aeabi_idivmod</name>
         <value>0x18bf1</value>
         <object_component_ref idref="oc-b4"/>
      </symbol>
      <symbol id="sm-26a">
         <name>__aeabi_memcpy</name>
         <value>0x191e1</value>
         <object_component_ref idref="oc-44"/>
      </symbol>
      <symbol id="sm-26b">
         <name>__aeabi_memcpy4</name>
         <value>0x191e1</value>
         <object_component_ref idref="oc-44"/>
      </symbol>
      <symbol id="sm-26c">
         <name>__aeabi_memcpy8</name>
         <value>0x191e1</value>
         <object_component_ref idref="oc-44"/>
      </symbol>
      <symbol id="sm-272">
         <name>__aeabi_memmove</name>
         <value>0x191e9</value>
         <object_component_ref idref="oc-15c"/>
      </symbol>
      <symbol id="sm-273">
         <name>__aeabi_memmove4</name>
         <value>0x191e9</value>
         <object_component_ref idref="oc-15c"/>
      </symbol>
      <symbol id="sm-274">
         <name>__aeabi_memmove8</name>
         <value>0x191e9</value>
         <object_component_ref idref="oc-15c"/>
      </symbol>
      <symbol id="sm-27d">
         <name>__aeabi_memset</name>
         <value>0x191a5</value>
         <object_component_ref idref="oc-181"/>
      </symbol>
      <symbol id="sm-27e">
         <name>__aeabi_memset4</name>
         <value>0x191a5</value>
         <object_component_ref idref="oc-181"/>
      </symbol>
      <symbol id="sm-27f">
         <name>__aeabi_memset8</name>
         <value>0x191a5</value>
         <object_component_ref idref="oc-181"/>
      </symbol>
      <symbol id="sm-280">
         <name>__aeabi_memclr</name>
         <value>0x191c1</value>
         <object_component_ref idref="oc-63"/>
      </symbol>
      <symbol id="sm-281">
         <name>__aeabi_memclr4</name>
         <value>0x191c1</value>
         <object_component_ref idref="oc-63"/>
      </symbol>
      <symbol id="sm-282">
         <name>__aeabi_memclr8</name>
         <value>0x191c1</value>
         <object_component_ref idref="oc-63"/>
      </symbol>
      <symbol id="sm-288">
         <name>__aeabi_uidiv</name>
         <value>0x18d69</value>
         <object_component_ref idref="oc-b8"/>
      </symbol>
      <symbol id="sm-289">
         <name>__aeabi_uidivmod</name>
         <value>0x18d69</value>
         <object_component_ref idref="oc-b8"/>
      </symbol>
      <symbol id="sm-28f">
         <name>__aeabi_uldivmod</name>
         <value>0x1913d</value>
         <object_component_ref idref="oc-19b"/>
      </symbol>
      <symbol id="sm-295">
         <name>__udivmoddi4</name>
         <value>0x186d1</value>
         <object_component_ref idref="oc-1b9"/>
      </symbol>
      <symbol id="sm-29b">
         <name>__aeabi_llsl</name>
         <value>0x190ad</value>
         <object_component_ref idref="oc-1ee"/>
      </symbol>
      <symbol id="sm-29c">
         <name>__ashldi3</name>
         <value>0x190ad</value>
         <object_component_ref idref="oc-1ee"/>
      </symbol>
      <symbol id="sm-2a9">
         <name>__aeabi_idiv0</name>
         <value>0x18b93</value>
         <object_component_ref idref="oc-12d"/>
      </symbol>
      <symbol id="sm-2aa">
         <name>__aeabi_ldiv0</name>
         <value>0x18c47</value>
         <object_component_ref idref="oc-1ed"/>
      </symbol>
      <symbol id="sm-2c4">
         <name>memcpy</name>
         <value>0x18773</value>
         <object_component_ref idref="oc-7c"/>
      </symbol>
      <symbol id="sm-2d3">
         <name>memset</name>
         <value>0x18a11</value>
         <object_component_ref idref="oc-f6"/>
      </symbol>
      <symbol id="sm-2dc">
         <name>memmove</name>
         <value>0x18fc9</value>
         <object_component_ref idref="oc-17b"/>
      </symbol>
      <symbol id="sm-2dd">
         <name>__TI_static_base__</name>
         <value>0x0</value>
      </symbol>
      <symbol id="sm-2e0">
         <name>__mpu_init</name>
         <value>0x0</value>
      </symbol>
      <symbol id="sm-2e1">
         <name>_system_post_cinit</name>
         <value>0x0</value>
      </symbol>
   </symbol_table>
   <title>Link successful</title>
</link_info>
